CBO PLAN:
HiveProject(i_item_desc=[$0], i_category=[$1], i_class=[$2], i_current_price=[$3], itemrevenue=[$4], revenueratio=[$5]): rowcount = 100.0, cumulative cost = {2.748428434390909E10 rows, 0.0 cpu, 0.0 io}, id = 8628
  HiveSortLimit(sort0=[$1], sort1=[$2], sort2=[$6], sort3=[$0], sort4=[$5], dir0=[ASC], dir1=[ASC], dir2=[ASC], dir3=[ASC], dir4=[ASC], fetch=[100]): rowcount = 100.0, cumulative cost = {2.748428434390909E10 rows, 0.0 cpu, 0.0 io}, id = 8626
    HiveProject(i_item_desc=[$1], i_category=[$4], i_class=[$3], i_current_price=[$2], itemrevenue=[$5], revenueratio=[/(*($5, 100:DECIMAL(10, 0)), sum($5) OVER (PARTITION BY $3 ORDER BY $3 NULLS FIRST RANGE BETWEEN UNBOUNDED PRECEDING AND UNBOUNDED FOLLOWING))], (tok_table_or_col i_item_id)=[$0]): rowcount = 462000.0, cumulative cost = {2.748428434390909E10 rows, 0.0 cpu, 0.0 io}, id = 8692
      HiveAggregate(group=[{4, 5, 6, 7, 8}], agg#0=[sum($1)]): rowcount = 462000.0, cumulative cost = {2.748428434390909E10 rows, 0.0 cpu, 0.0 io}, id = 8687
        HiveJoin(condition=[=($2, $9)], joinType=[inner], algorithm=[none], cost=[{5.88951989790909E9 rows, 0.0 cpu, 0.0 io}]): rowcount = 5.88944684890909E9, cumulative cost = {2.748428434390909E10 rows, 0.0 cpu, 0.0 io}, id = 8618
          HiveJoin(condition=[=($0, $3)], joinType=[inner], algorithm=[none], cost=[{2.1594764446E10 rows, 0.0 cpu, 0.0 io}]): rowcount = 5.88944684890909E9, cumulative cost = {2.1594764446E10 rows, 0.0 cpu, 0.0 io}, id = 8611
            HiveProject(ws_item_sk=[$2], ws_ext_sales_price=[$22], ws_sold_date_sk=[$33]): rowcount = 2.1594638446E10, cumulative cost = {0.0 rows, 0.0 cpu, 0.0 io}, id = 8604
              HiveFilter(condition=[IS NOT NULL($33)]): rowcount = 2.1594638446E10, cumulative cost = {0.0 rows, 0.0 cpu, 0.0 io}, id = 8602
                HiveTableScan(table=[[default, web_sales]], table:alias=[web_sales]): rowcount = 2.1594638446E10, cumulative cost = {0}, id = 8473
            HiveProject(i_item_sk=[$0], i_item_id=[$1], i_item_desc=[$4], i_current_price=[$5], i_class=[$10], i_category=[$12]): rowcount = 125999.99999999999, cumulative cost = {0.0 rows, 0.0 cpu, 0.0 io}, id = 8609
              HiveFilter(condition=[SEARCH($12, Sarg[_UTF-16LE'Books                                             ', _UTF-16LE'Jewelry                                           ', _UTF-16LE'Sports                                            ']:CHAR(50) CHARACTER SET "UTF-16LE")]): rowcount = 125999.99999999999, cumulative cost = {0.0 rows, 0.0 cpu, 0.0 io}, id = 8607
                HiveTableScan(table=[[default, item]], table:alias=[item]): rowcount = 462000.0, cumulative cost = {0}, id = 8476
          HiveProject(d_date_sk=[$0]): rowcount = 73049.0, cumulative cost = {0.0 rows, 0.0 cpu, 0.0 io}, id = 8616
            HiveFilter(condition=[SEARCH(CAST($2):TIMESTAMP(9), Sarg[[2001-01-12 00:00:00:TIMESTAMP(9)..2001-02-11 00:00:00:TIMESTAMP(9)]]:TIMESTAMP(9))]): rowcount = 73049.0, cumulative cost = {0.0 rows, 0.0 cpu, 0.0 io}, id = 8614
              HiveTableScan(table=[[default, date_dim]], table:alias=[date_dim]): rowcount = 73049.0, cumulative cost = {0}, id = 8481

