CBO PLAN:
HiveProject(_o__c0=[$0], sm_type=[$1], web_name=[$2], 30 days=[$3], 31-60 days=[$4], 61-90 days=[$5], 91-120 days=[$6], >120 days=[$7]): rowcount = 15.0, cumulative cost = {2.0000215872968248E15 rows, 0.0 cpu, 0.0 io}, id = 87698
  HiveSortLimit(sort0=[$8], sort1=[$1], sort2=[$2], dir0=[ASC], dir1=[ASC], dir2=[ASC], fetch=[100]): rowcount = 15.0, cumulative cost = {2.0000215872968248E15 rows, 0.0 cpu, 0.0 io}, id = 87696
    HiveProject(_o__c0=[$1], sm_type=[$0], web_name=[$2], 30 days=[$3], 31-60 days=[$4], 61-90 days=[$5], 91-120 days=[$6], >120 days=[$7], (tok_function substr (tok_table_or_col w_warehouse_name) 1 20)=[$1]): rowcount = 15.0, cumulative cost = {2.0000215872968248E15 rows, 0.0 cpu, 0.0 io}, id = 87784
      HiveAggregate(group=[{11, 13, 15}], agg#0=[sum($4)], agg#1=[sum($5)], agg#2=[sum($6)], agg#3=[sum($7)], agg#4=[sum($8)]): rowcount = 15.0, cumulative cost = {2.0000215872968248E15 rows, 0.0 cpu, 0.0 io}, id = 87779
        HiveJoin(condition=[=($1, $14)], joinType=[inner], algorithm=[none], cost=[{1.000000000000111E15 rows, 0.0 cpu, 0.0 io}]): rowcount = 1.000000000000084E15, cumulative cost = {2.0000215872968248E15 rows, 0.0 cpu, 0.0 io}, id = 87686
          HiveJoin(condition=[=($3, $12)], joinType=[inner], algorithm=[none], cost=[{1.000000000000047E15 rows, 0.0 cpu, 0.0 io}]): rowcount = 1.000000000000027E15, cumulative cost = {1.0000215872967138E15 rows, 0.0 cpu, 0.0 io}, id = 87681
            HiveJoin(condition=[=($2, $10)], joinType=[inner], algorithm=[none], cost=[{8847272.711795326 rows, 0.0 cpu, 0.0 io}]): rowcount = 1.00000000000002E15, cumulative cost = {2.1587296666730988E10 rows, 0.0 cpu, 0.0 io}, id = 87676
              HiveJoin(condition=[=($0, $9)], joinType=[inner], algorithm=[none], cost=[{2.157844939401919E10 rows, 0.0 cpu, 0.0 io}]): rowcount = 8847252.711795326, cumulative cost = {2.157844939401919E10 rows, 0.0 cpu, 0.0 io}, id = 87671
                HiveProject(ws_ship_date_sk=[$1], ws_web_site_sk=[$12], ws_ship_mode_sk=[$13], ws_warehouse_sk=[$14], CAST=[CAST(CASE(<=(-($1, $33), 30), 1, 0)):INTEGER], CAST5=[CAST(CASE(AND(>(-($1, $33), 30), <=(-($1, $33), 60)), 1, 0)):INTEGER], CAST6=[CAST(CASE(AND(>(-($1, $33), 60), <=(-($1, $33), 90)), 1, 0)):INTEGER], CAST7=[CAST(CASE(AND(>(-($1, $33), 90), <=(-($1, $33), 120)), 1, 0)):INTEGER], CAST8=[CAST(CASE(>(-($1, $33), 120), 1, 0)):INTEGER]): rowcount = 2.15784493640688E10, cumulative cost = {0.0 rows, 0.0 cpu, 0.0 io}, id = 87664
                  HiveFilter(condition=[AND(IS NOT NULL($14), IS NOT NULL($13), IS NOT NULL($12), IS NOT NULL($1))]): rowcount = 2.15784493640688E10, cumulative cost = {0.0 rows, 0.0 cpu, 0.0 io}, id = 87662
                    HiveTableScan(table=[[default, web_sales]], table:alias=[web_sales]): rowcount = 2.1600036511E10, cumulative cost = {0}, id = 87361
                HiveProject(d_date_sk=[$0]): rowcount = 29.95038950389504, cumulative cost = {0.0 rows, 0.0 cpu, 0.0 io}, id = 87669
                  HiveFilter(condition=[BETWEEN(false, $3, 1215, 1226)]): rowcount = 29.95038950389504, cumulative cost = {0.0 rows, 0.0 cpu, 0.0 io}, id = 87667
                    HiveTableScan(table=[[default, date_dim]], table:alias=[date_dim]): rowcount = 73049.0, cumulative cost = {0}, id = 87380
              HiveProject(sm_ship_mode_sk=[$0], sm_type=[$2]): rowcount = 20.0, cumulative cost = {0.0 rows, 0.0 cpu, 0.0 io}, id = 87674
                HiveTableScan(table=[[default, ship_mode]], table:alias=[ship_mode]): rowcount = 20.0, cumulative cost = {0}, id = 87370
            HiveProject(w_warehouse_sk=[$0], substr=[substr($2, 1, 20)]): rowcount = 27.0, cumulative cost = {0.0 rows, 0.0 cpu, 0.0 io}, id = 87679
              HiveTableScan(table=[[default, warehouse]], table:alias=[warehouse]): rowcount = 27.0, cumulative cost = {0}, id = 87365
          HiveProject(web_site_sk=[$0], web_name=[$4]): rowcount = 84.0, cumulative cost = {0.0 rows, 0.0 cpu, 0.0 io}, id = 87684
            HiveTableScan(table=[[default, web_site]], table:alias=[web_site]): rowcount = 84.0, cumulative cost = {0}, id = 87375

