CBO PLAN:
HiveSortLimit(sort0=[$0], sort1=[$1], sort2=[$2], sort3=[$3], sort4=[$4], sort5=[$5], sort6=[$6], sort7=[$7], sort8=[$8], sort9=[$9], dir0=[ASC], dir1=[ASC], dir2=[ASC], dir3=[ASC], dir4=[ASC], dir5=[ASC], dir6=[ASC], dir7=[ASC], dir8=[ASC], dir9=[ASC], fetch=[100]): rowcount = 100.0, cumulative cost = {8.68561343209831E10 rows, 0.0 cpu, 0.0 io}, id = 67662
  HiveProject($f0=[$0], $f1=[$1], $f2=[$2], $f3=[$3], $f4=[$4], $f5=[$5], $f6=[$6], $f7=[$7], $f8=[$8], $f9=[$9], $f10=[$10], $f11=[$11], $f12=[$12], $f13=[$13], $f14=[$14]): rowcount = 1704.0, cumulative cost = {8.68561343209831E10 rows, 0.0 cpu, 0.0 io}, id = 67753
    HiveAggregate(group=[{0, 1, 2, 3, 4, 5, 6, 7, 8, 9}], agg#0=[sum($10)], agg#1=[sum($11)], agg#2=[sum($12)], agg#3=[sum($13)], agg#4=[sum($14)]): rowcount = 1704.0, cumulative cost = {8.68561343209831E10 rows, 0.0 cpu, 0.0 io}, id = 67660
      HiveProject($f0=[$11], $f1=[$12], $f2=[$13], $f3=[$14], $f4=[$15], $f5=[$16], $f6=[$17], $f7=[$18], $f8=[$19], $f9=[$20], $f10=[CAST(CASE(<=(-($8, $4), 30), 1, 0)):INTEGER], $f11=[CAST(CASE(AND(>(-($8, $4), 30), <=(-($8, $4), 60)), 1, 0)):INTEGER], $f12=[CAST(CASE(AND(>(-($8, $4), 60), <=(-($8, $4), 90)), 1, 0)):INTEGER], $f13=[CAST(CASE(AND(>(-($8, $4), 90), <=(-($8, $4), 120)), 1, 0)):INTEGER], $f14=[CAST(CASE(>(-($8, $4), 120), 1, 0)):INTEGER]): rowcount = 1.000000000001704E15, cumulative cost = {8.68561343209831E10 rows, 0.0 cpu, 0.0 io}, id = 67658
        HiveJoin(condition=[=($2, $10)], joinType=[inner], algorithm=[none], cost=[{491729.61891916674 rows, 0.0 cpu, 0.0 io}]): rowcount = 1.000000000001704E15, cumulative cost = {8.68561343209831E10 rows, 0.0 cpu, 0.0 io}, id = 67656
          HiveJoin(condition=[AND(=($3, $7), =($0, $5), =($1, $6))], joinType=[inner], algorithm=[none], cost=[{7.867357424677415E10 rows, 0.0 cpu, 0.0 io}]): rowcount = 490025.61891916674, cumulative cost = {8.685564259136418E10 rows, 0.0 cpu, 0.0 io}, id = 67651
            HiveProject(ss_item_sk=[$1], ss_customer_sk=[$2], ss_store_sk=[$6], ss_ticket_number=[$8], ss_sold_date_sk=[$22]): rowcount = 7.867014792000949E10, cumulative cost = {0.0 rows, 0.0 cpu, 0.0 io}, id = 67637
              HiveFilter(condition=[AND(IS NOT NULL($2), IS NOT NULL($6), IS NOT NULL($22))]): rowcount = 7.867014792000949E10, cumulative cost = {0.0 rows, 0.0 cpu, 0.0 io}, id = 67635
                HiveTableScan(table=[[default, store_sales]], table:alias=[store_sales]): rowcount = 8.2510879939E10, cumulative cost = {0}, id = 67457
            HiveJoin(condition=[=($3, $4)], joinType=[inner], algorithm=[none], cost=[{8.182068344590034E9 rows, 0.0 cpu, 0.0 io}]): rowcount = 3426326.7646566164, cumulative cost = {8.182068344590034E9 rows, 0.0 cpu, 0.0 io}, id = 67649
              HiveProject(sr_item_sk=[$1], sr_customer_sk=[$2], sr_ticket_number=[$8], sr_returned_date_sk=[$19]): rowcount = 8.182068314E9, cumulative cost = {0.0 rows, 0.0 cpu, 0.0 io}, id = 67642
                HiveFilter(condition=[AND(IS NOT NULL($2), IS NOT NULL($19))]): rowcount = 8.182068314E9, cumulative cost = {0.0 rows, 0.0 cpu, 0.0 io}, id = 67640
                  HiveTableScan(table=[[default, store_returns]], table:alias=[store_returns]): rowcount = 8.332595709E9, cumulative cost = {0}, id = 67460
              HiveProject(d_date_sk=[$0]): rowcount = 30.59003350083752, cumulative cost = {0.0 rows, 0.0 cpu, 0.0 io}, id = 67647
                HiveFilter(condition=[AND(=($6, 2000), =($8, 9))]): rowcount = 30.59003350083752, cumulative cost = {0.0 rows, 0.0 cpu, 0.0 io}, id = 67645
                  HiveTableScan(table=[[default, date_dim]], table:alias=[d2]): rowcount = 73049.0, cumulative cost = {0}, id = 67471
          HiveProject(s_store_sk=[$0], s_store_name=[$5], s_company_id=[$16], s_street_number=[$18], s_street_name=[$19], s_street_type=[$20], s_suite_number=[$21], s_city=[$22], s_county=[$23], s_state=[$24], s_zip=[$25]): rowcount = 1704.0, cumulative cost = {0.0 rows, 0.0 cpu, 0.0 io}, id = 67654
            HiveTableScan(table=[[default, store]], table:alias=[store]): rowcount = 1704.0, cumulative cost = {0}, id = 67465

