CBO PLAN:
HiveProject(_o__c0=[/(CAST($0):DOUBLE, $1)], _o__c1=[CAST(/($2, $3)):DECIMAL(11, 6)], _o__c2=[CAST(/($4, $5)):DECIMAL(11, 6)], _o__c3=[$4]): rowcount = 1.0, cumulative cost = {7.187017627044154E10 rows, 0.0 cpu, 0.0 io}, id = 9742
  HiveAggregate(group=[{}], agg#0=[sum($3)], agg#1=[count($3)], agg#2=[sum($4)], agg#3=[count($4)], agg#4=[sum($5)], agg#5=[count($5)]): rowcount = 1.0, cumulative cost = {7.187017627044154E10 rows, 0.0 cpu, 0.0 io}, id = 9741
    HiveJoin(condition=[AND(=($1, $25), OR(AND($19, $20, $10, $26), AND($21, $22, $11, $27), AND($23, $24, $12, $27)))], joinType=[inner], algorithm=[none], cost=[{96114.22790874586 rows, 0.0 cpu, 0.0 io}]): rowcount = 2384.8556977186468, cumulative cost = {7.187017627044154E10 rows, 0.0 cpu, 0.0 io}, id = 9740
      HiveJoin(condition=[=($18, $0)], joinType=[inner], algorithm=[none], cost=[{3393677.976806105 rows, 0.0 cpu, 0.0 io}]): rowcount = 95394.22790874586, cumulative cost = {7.187008015621364E10 rows, 0.0 cpu, 0.0 io}, id = 9739
        HiveJoin(condition=[AND(=($2, $14), OR(AND($15, $7), AND($16, $8), AND($17, $9)))], joinType=[inner], algorithm=[none], cost=[{3.597089022538954E8 rows, 0.0 cpu, 0.0 io}]): rowcount = 3338797.976806105, cumulative cost = {7.186668647823683E10 rows, 0.0 cpu, 0.0 io}, id = 9738
          HiveJoin(condition=[=($6, $13)], joinType=[inner], algorithm=[none], cost=[{7.150697757598294E10 rows, 0.0 cpu, 0.0 io}]): rowcount = 3.593315437633294E8, cumulative cost = {7.150697757598294E10 rows, 0.0 cpu, 0.0 io}, id = 9734
            HiveProject(ss_cdemo_sk=[$3], ss_hdemo_sk=[$4], ss_addr_sk=[$5], ss_quantity=[$9], ss_ext_sales_price=[$14], ss_ext_wholesale_cost=[$15], ss_sold_date_sk=[$22], EXPR$0=[SEARCH($21, Sarg[[100:DECIMAL(12, 2)..200:DECIMAL(12, 2)]]:DECIMAL(12, 2))], EXPR$1=[SEARCH($21, Sarg[[150:DECIMAL(12, 2)..300:DECIMAL(12, 2)]]:DECIMAL(12, 2))], EXPR$2=[SEARCH($21, Sarg[[50:DECIMAL(12, 2)..250:DECIMAL(12, 2)]]:DECIMAL(12, 2))], EXPR$5=[SEARCH($12, Sarg[[100:DECIMAL(3, 0)..150:DECIMAL(3, 0)]]:DECIMAL(3, 0))], EXPR$8=[SEARCH($12, Sarg[[50:DECIMAL(3, 0)..100:DECIMAL(3, 0)]]:DECIMAL(3, 0))], EXPR$11=[SEARCH($12, Sarg[[150:DECIMAL(3, 0)..200:DECIMAL(3, 0)]]:DECIMAL(3, 0))]): rowcount = 7.150697720890254E10, cumulative cost = {0.0 rows, 0.0 cpu, 0.0 io}, id = 9733
              HiveFilter(condition=[AND(IS NOT NULL($21), IS NOT NULL($12), IS NOT NULL($3), IS NOT NULL($5), IS NOT NULL($4), IS NOT NULL($6), IS NOT NULL($22))]): rowcount = 7.150697720890254E10, cumulative cost = {0.0 rows, 0.0 cpu, 0.0 io}, id = 9732
                HiveTableScan(table=[[default, store_sales]], table:alias=[store_sales]): rowcount = 8.2510879939E10, cumulative cost = {0}, id = 9275
            HiveProject(d_date_sk=[$0]): rowcount = 367.08040201005025, cumulative cost = {0.0 rows, 0.0 cpu, 0.0 io}, id = 9577
              HiveFilter(condition=[=($6, 2001)]): rowcount = 367.08040201005025, cumulative cost = {0.0 rows, 0.0 cpu, 0.0 io}, id = 9575
                HiveTableScan(table=[[default, date_dim]], table:alias=[date_dim]): rowcount = 73049.0, cumulative cost = {0}, id = 9298
          HiveProject(ca_address_sk=[$0], EXPR$0=[SEARCH($8, Sarg[_UTF-16LE'GA', _UTF-16LE'KY', _UTF-16LE'NM']:CHAR(2) CHARACTER SET "UTF-16LE")], EXPR$1=[SEARCH($8, Sarg[_UTF-16LE'IN', _UTF-16LE'MT', _UTF-16LE'OR']:CHAR(2) CHARACTER SET "UTF-16LE")], EXPR$2=[SEARCH($8, Sarg[_UTF-16LE'MO', _UTF-16LE'WI', _UTF-16LE'WV']:CHAR(2) CHARACTER SET "UTF-16LE")]): rowcount = 377358.4905660377, cumulative cost = {0.0 rows, 0.0 cpu, 0.0 io}, id = 9737
            HiveFilter(condition=[AND(SEARCH($8, Sarg[_UTF-16LE'GA', _UTF-16LE'IN', _UTF-16LE'KY', _UTF-16LE'MO', _UTF-16LE'MT', _UTF-16LE'NM', _UTF-16LE'OR', _UTF-16LE'WI', _UTF-16LE'WV']:CHAR(2) CHARACTER SET "UTF-16LE"), =($10, _UTF-16LE'United States'))]): rowcount = 377358.4905660377, cumulative cost = {0.0 rows, 0.0 cpu, 0.0 io}, id = 9736
              HiveTableScan(table=[[default, customer_address]], table:alias=[customer_address]): rowcount = 4.0E7, cumulative cost = {0}, id = 9292
        HiveProject(cd_demo_sk=[$0], EXPR$3=[=($2, _UTF-16LE'M')], EXPR$4=[=($3, _UTF-16LE'4 yr Degree')], EXPR$6=[=($2, _UTF-16LE'D')], EXPR$7=[=($3, _UTF-16LE'Primary')], EXPR$9=[=($2, _UTF-16LE'U')], EXPR$10=[=($3, _UTF-16LE'Advanced Degree')]): rowcount = 54880.0, cumulative cost = {0.0 rows, 0.0 cpu, 0.0 io}, id = 9591
          HiveFilter(condition=[AND(SEARCH($2, Sarg[_UTF-16LE'D', _UTF-16LE'M', _UTF-16LE'U']:CHAR(1) CHARACTER SET "UTF-16LE"), SEARCH($3, Sarg[_UTF-16LE'4 yr Degree         ', _UTF-16LE'Advanced Degree     ', _UTF-16LE'Primary             ']:CHAR(20) CHARACTER SET "UTF-16LE"))]): rowcount = 54880.0, cumulative cost = {0.0 rows, 0.0 cpu, 0.0 io}, id = 9589
            HiveTableScan(table=[[default, customer_demographics]], table:alias=[customer_demographics]): rowcount = 1920800.0, cumulative cost = {0}, id = 9280
      HiveProject(hd_demo_sk=[$0], EXPR$0=[=($3, 3)], EXPR$1=[=($3, 1)]): rowcount = 720.0, cumulative cost = {0.0 rows, 0.0 cpu, 0.0 io}, id = 9598
        HiveFilter(condition=[SEARCH($3, Sarg[1, 3])]): rowcount = 720.0, cumulative cost = {0.0 rows, 0.0 cpu, 0.0 io}, id = 9596
          HiveTableScan(table=[[default, household_demographics]], table:alias=[household_demographics]): rowcount = 7200.0, cumulative cost = {0}, id = 9286

