Warning: Map Join MAPJOIN[168][bigTable=?] in task 'Map 1' is a cross product
CBO PLAN:
HiveSortLimit(sort0=[$1], dir0=[ASC], fetch=[100]): rowcount = 1.0, cumulative cost = {1.0002417385263718E15 rows, 0.0 cpu, 0.0 io}, id = 81980
  HiveProject(ca_state=[$0], $f1=[$1]): rowcount = 1.0, cumulative cost = {1.0002417385263718E15 rows, 0.0 cpu, 0.0 io}, id = 81981
    HiveFilter(condition=[>=($1, 10)]): rowcount = 1.0, cumulative cost = {1.0002417385263718E15 rows, 0.0 cpu, 0.0 io}, id = 81979
      HiveAggregate(group=[{4}], agg#0=[count()]): rowcount = 53.0, cumulative cost = {1.0002417385263718E15 rows, 0.0 cpu, 0.0 io}, id = 81978
        HiveJoin(condition=[=($7, $13)], joinType=[inner], algorithm=[none], cost=[{8.056602358988815E10 rows, 0.0 cpu, 0.0 io}]): rowcount = 8.0566020964E10, cumulative cost = {1.0002417385263718E15 rows, 0.0 cpu, 0.0 io}, id = 81977
          HiveJoin(condition=[=($0, $6)], joinType=[inner], algorithm=[none], cost=[{1.000080606020964E15 rows, 0.0 cpu, 0.0 io}]): rowcount = 8.0566020964E10, cumulative cost = {1.0001611725027819E15 rows, 0.0 cpu, 0.0 io}, id = 81976
            HiveJoin(condition=[=($3, $1)], joinType=[inner], algorithm=[none], cost=[{1.2E8 rows, 0.0 cpu, 0.0 io}]): rowcount = 1.00000004E15, cumulative cost = {2.00000001E8 rows, 0.0 cpu, 0.0 io}, id = 81693
              HiveJoin(condition=[true], joinType=[inner], algorithm=[none], cost=[{8.0000001E7 rows, 0.0 cpu, 0.0 io}]): rowcount = 8.0E7, cumulative cost = {8.0000001E7 rows, 0.0 cpu, 0.0 io}, id = 81688
                HiveProject(c_customer_sk=[$0], c_current_addr_sk=[$4]): rowcount = 8.0E7, cumulative cost = {0.0 rows, 0.0 cpu, 0.0 io}, id = 81675
                  HiveFilter(condition=[IS NOT NULL($4)]): rowcount = 8.0E7, cumulative cost = {0.0 rows, 0.0 cpu, 0.0 io}, id = 81673
                    HiveTableScan(table=[[default, customer]], table:alias=[c]): rowcount = 8.0E7, cumulative cost = {0}, id = 81161
                HiveProject(cnt=[$0]): rowcount = 1.0, cumulative cost = {0.0 rows, 0.0 cpu, 0.0 io}, id = 81982
                  HiveFilter(condition=[sq_count_check($0)]): rowcount = 1.0, cumulative cost = {0.0 rows, 0.0 cpu, 0.0 io}, id = 81686
                    HiveProject(cnt=[$0]): rowcount = 1.0, cumulative cost = {0.0 rows, 0.0 cpu, 0.0 io}, id = 81983
                      HiveAggregate(group=[{}], cnt=[COUNT()]): rowcount = 1.0, cumulative cost = {0.0 rows, 0.0 cpu, 0.0 io}, id = 81684
                        HiveProject(d_month_seq=[$0]): rowcount = 2439.0, cumulative cost = {0.0 rows, 0.0 cpu, 0.0 io}, id = 81984
                          HiveAggregate(group=[{3}]): rowcount = 2439.0, cumulative cost = {0.0 rows, 0.0 cpu, 0.0 io}, id = 81901
                            HiveFilter(condition=[AND(=($6, 2000), =($8, 2))]): rowcount = 30.59003350083752, cumulative cost = {0.0 rows, 0.0 cpu, 0.0 io}, id = 81678
                              HiveTableScan(table=[[default, date_dim]], table:alias=[date_dim]): rowcount = 73049.0, cumulative cost = {0}, id = 81177
              HiveProject(ca_address_sk=[$0], ca_state=[$8]): rowcount = 4.0E7, cumulative cost = {0.0 rows, 0.0 cpu, 0.0 io}, id = 81691
                HiveTableScan(table=[[default, customer_address]], table:alias=[a]): rowcount = 4.0E7, cumulative cost = {0}, id = 81159
            HiveProject(ss_item_sk=[$0], ss_customer_sk=[$1], ss_sold_date_sk=[$2], i_item_sk=[$3], i_current_price=[$4], i_category=[$5], i_category0=[$6], EXPR$0=[$7]): rowcount = 8.0566020964E10, cumulative cost = {8.056648181787221E10 rows, 0.0 cpu, 0.0 io}, id = 81985
              HiveJoin(condition=[=($0, $3)], joinType=[inner], algorithm=[none], cost=[{8.056602097497221E10 rows, 0.0 cpu, 0.0 io}]): rowcount = 8.0566020964E10, cumulative cost = {8.056648181787221E10 rows, 0.0 cpu, 0.0 io}, id = 81975
                HiveProject(ss_item_sk=[$1], ss_customer_sk=[$2], ss_sold_date_sk=[$22]): rowcount = 8.0566020964E10, cumulative cost = {0.0 rows, 0.0 cpu, 0.0 io}, id = 81698
                  HiveFilter(condition=[AND(IS NOT NULL($2), IS NOT NULL($22))]): rowcount = 8.0566020964E10, cumulative cost = {0.0 rows, 0.0 cpu, 0.0 io}, id = 81696
                    HiveTableScan(table=[[default, store_sales]], table:alias=[s]): rowcount = 8.2510879939E10, cumulative cost = {0}, id = 81165
                HiveJoin(condition=[AND(=($3, $2), >($1, $4))], joinType=[inner], algorithm=[none], cost=[{460842.9 rows, 0.0 cpu, 0.0 io}]): rowcount = 10.972214285714287, cumulative cost = {460842.9 rows, 0.0 cpu, 0.0 io}, id = 81974
                  HiveProject(i_item_sk=[$0], i_current_price=[$5], i_category=[$12]): rowcount = 460833.0, cumulative cost = {0.0 rows, 0.0 cpu, 0.0 io}, id = 81973
                    HiveFilter(condition=[AND(IS NOT NULL($5), IS NOT NULL($12))]): rowcount = 460833.0, cumulative cost = {0.0 rows, 0.0 cpu, 0.0 io}, id = 81972
                      HiveTableScan(table=[[default, item]], table:alias=[i]): rowcount = 462000.0, cumulative cost = {0}, id = 81173
                  HiveProject(i_category=[$0], EXPR$0=[*(1.2:DECIMAL(2, 1), CAST(CAST(/($1, $2)):DECIMAL(11, 6)):DECIMAL(16, 6))]): rowcount = 9.9, cumulative cost = {0.0 rows, 0.0 cpu, 0.0 io}, id = 81714
                    HiveFilter(condition=[IS NOT NULL(CAST(CAST(/($1, $2)):DECIMAL(11, 6)):DECIMAL(16, 6))]): rowcount = 9.9, cumulative cost = {0.0 rows, 0.0 cpu, 0.0 io}, id = 81712
                      HiveAggregate(group=[{12}], agg#0=[sum($5)], agg#1=[count($5)]): rowcount = 11.0, cumulative cost = {0.0 rows, 0.0 cpu, 0.0 io}, id = 81903
                        HiveFilter(condition=[IS NOT NULL($12)]): rowcount = 462000.0, cumulative cost = {0.0 rows, 0.0 cpu, 0.0 io}, id = 81706
                          HiveTableScan(table=[[default, item]], table:alias=[j]): rowcount = 462000.0, cumulative cost = {0}, id = 81193
          HiveProject(d_date_sk=[$0], d_month_seq=[$1], $f0=[$2]): rowcount = 2625.888150331614, cumulative cost = {75488.0 rows, 0.0 cpu, 0.0 io}, id = 81986
            HiveJoin(condition=[=($1, $2)], joinType=[inner], algorithm=[none], cost=[{75488.0 rows, 0.0 cpu, 0.0 io}]): rowcount = 2625.888150331614, cumulative cost = {75488.0 rows, 0.0 cpu, 0.0 io}, id = 81733
              HiveProject(d_date_sk=[$0], d_month_seq=[$3]): rowcount = 73049.0, cumulative cost = {0.0 rows, 0.0 cpu, 0.0 io}, id = 81725
                HiveFilter(condition=[IS NOT NULL($3)]): rowcount = 73049.0, cumulative cost = {0.0 rows, 0.0 cpu, 0.0 io}, id = 81723
                  HiveTableScan(table=[[default, date_dim]], table:alias=[d]): rowcount = 73049.0, cumulative cost = {0}, id = 81169
              HiveProject(d_month_seq=[$0]): rowcount = 2439.0, cumulative cost = {0.0 rows, 0.0 cpu, 0.0 io}, id = 81987
                HiveAggregate(group=[{3}]): rowcount = 2439.0, cumulative cost = {0.0 rows, 0.0 cpu, 0.0 io}, id = 81905
                  HiveFilter(condition=[AND(=($6, 2000), =($8, 2), IS NOT NULL($3))]): rowcount = 30.59003350083752, cumulative cost = {0.0 rows, 0.0 cpu, 0.0 io}, id = 81727
                    HiveTableScan(table=[[default, date_dim]], table:alias=[date_dim]): rowcount = 73049.0, cumulative cost = {0}, id = 81177

