CBO PLAN:
HiveProject(d_year=[CAST(1998):INTEGER], i_category_id=[$0], i_category=[$1], _o__c3=[$2]): rowcount = 100.0, cumulative cost = {8.254543670667955E10 rows, 0.0 cpu, 0.0 io}, id = 55881
  HiveSortLimit(sort0=[$3], sort1=[$0], sort2=[$1], dir0=[DESC], dir1=[ASC], dir2=[ASC], fetch=[100]): rowcount = 100.0, cumulative cost = {8.254543670667955E10 rows, 0.0 cpu, 0.0 io}, id = 55880
    HiveProject(i_category_id=[$0], i_category=[$1], _o__c3=[$2], (tok_function sum (tok_table_or_col ss_ext_sales_price))=[$2]): rowcount = 110.0, cumulative cost = {8.254543670667955E10 rows, 0.0 cpu, 0.0 io}, id = 55879
      HiveAggregate(group=[{5, 6}], agg#0=[sum($1)]): rowcount = 110.0, cumulative cost = {8.254543670667955E10 rows, 0.0 cpu, 0.0 io}, id = 55878
        HiveJoin(condition=[=($0, $4)], joinType=[inner], algorithm=[none], cost=[{3.45567370895181E7 rows, 0.0 cpu, 0.0 io}]): rowcount = 332233.6036714019, cumulative cost = {8.254543670667955E10 rows, 0.0 cpu, 0.0 io}, id = 55877
          HiveJoin(condition=[=($3, $2)], joinType=[inner], algorithm=[none], cost=[{8.251087996959003E10 rows, 0.0 cpu, 0.0 io}]): rowcount = 3.4552294781825796E7, cumulative cost = {8.251087996959003E10 rows, 0.0 cpu, 0.0 io}, id = 55876
            HiveProject(ss_item_sk=[$1], ss_ext_sales_price=[$14], ss_sold_date_sk=[$22]): rowcount = 8.2510879939E10, cumulative cost = {0.0 rows, 0.0 cpu, 0.0 io}, id = 55754
              HiveFilter(condition=[IS NOT NULL($22)]): rowcount = 8.2510879939E10, cumulative cost = {0.0 rows, 0.0 cpu, 0.0 io}, id = 55752
                HiveTableScan(table=[[default, store_sales]], table:alias=[store_sales]): rowcount = 8.2510879939E10, cumulative cost = {0}, id = 55616
            HiveProject(d_date_sk=[$0]): rowcount = 30.59003350083752, cumulative cost = {0.0 rows, 0.0 cpu, 0.0 io}, id = 55875
              HiveFilter(condition=[AND(=($6, 1998), =($8, 12))]): rowcount = 30.59003350083752, cumulative cost = {0.0 rows, 0.0 cpu, 0.0 io}, id = 55874
                HiveTableScan(table=[[default, date_dim]], table:alias=[dt]): rowcount = 73049.0, cumulative cost = {0}, id = 55612
          HiveProject(i_item_sk=[$0], i_category_id=[$11], i_category=[$12]): rowcount = 4442.307692307692, cumulative cost = {0.0 rows, 0.0 cpu, 0.0 io}, id = 55766
            HiveFilter(condition=[=($20, 1)]): rowcount = 4442.307692307692, cumulative cost = {0.0 rows, 0.0 cpu, 0.0 io}, id = 55764
              HiveTableScan(table=[[default, item]], table:alias=[item]): rowcount = 462000.0, cumulative cost = {0}, id = 55621

