CBO PLAN:
HiveSortLimit(sort0=[$0], sort1=[$1], sort2=[$2], sort3=[$3], sort4=[$4], dir0=[ASC], dir1=[ASC], dir2=[ASC], dir3=[ASC], dir4=[ASC], fetch=[100]): rowcount = 100.0, cumulative cost = {1.0000754137352929E15 rows, 0.0 cpu, 0.0 io}, id = 59511
  HiveProject(c_last_name=[$3], c_first_name=[$2], ca_city=[$5], bought_city=[$8], ss_ticket_number=[$6], amt=[$9], profit=[$10]): rowcount = 452762.36620464094, cumulative cost = {1.0000754137352929E15 rows, 0.0 cpu, 0.0 io}, id = 59510
    HiveJoin(condition=[AND(<>($5, $8), =($7, $0))], joinType=[inner], algorithm=[none], cost=[{1.0000000409055248E15 rows, 0.0 cpu, 0.0 io}]): rowcount = 452762.36620464094, cumulative cost = {1.0000754137352929E15 rows, 0.0 cpu, 0.0 io}, id = 59509
      HiveJoin(condition=[=($1, $4)], joinType=[inner], algorithm=[none], cost=[{1.2E8 rows, 0.0 cpu, 0.0 io}]): rowcount = 1.00000004E15, cumulative cost = {1.2E8 rows, 0.0 cpu, 0.0 io}, id = 59269
        HiveProject(c_customer_sk=[$0], c_current_addr_sk=[$4], c_first_name=[$8], c_last_name=[$9]): rowcount = 8.0E7, cumulative cost = {0.0 rows, 0.0 cpu, 0.0 io}, id = 59264
          HiveFilter(condition=[IS NOT NULL($4)]): rowcount = 8.0E7, cumulative cost = {0.0 rows, 0.0 cpu, 0.0 io}, id = 59262
            HiveTableScan(table=[[default, customer]], table:alias=[customer]): rowcount = 8.0E7, cumulative cost = {0}, id = 58950
        HiveProject(ca_address_sk=[$0], ca_city=[$6]): rowcount = 4.0E7, cumulative cost = {0.0 rows, 0.0 cpu, 0.0 io}, id = 59267
          HiveTableScan(table=[[default, customer_address]], table:alias=[current_addr]): rowcount = 4.0E7, cumulative cost = {0}, id = 58954
      HiveProject(ss_ticket_number=[$3], ss_customer_sk=[$1], bought_city=[$0], amt=[$4], profit=[$5]): rowcount = 905524.7324092819, cumulative cost = {7.537282976815758E10 rows, 0.0 cpu, 0.0 io}, id = 59508
        HiveAggregate(group=[{1, 2, 4, 6}], agg#0=[sum($7)], agg#1=[sum($8)]): rowcount = 905524.7324092819, cumulative cost = {7.537282976815758E10 rows, 0.0 cpu, 0.0 io}, id = 59507
          HiveJoin(condition=[=($4, $0)], joinType=[inner], algorithm=[none], cost=[{4.151242190473299E7 rows, 0.0 cpu, 0.0 io}]): rowcount = 1512421.9047329843, cumulative cost = {7.537282976815758E10 rows, 0.0 cpu, 0.0 io}, id = 59506
            HiveProject(ca_address_sk=[$0], ca_city=[$6]): rowcount = 4.0E7, cumulative cost = {0.0 rows, 0.0 cpu, 0.0 io}, id = 59272
              HiveTableScan(table=[[default, customer_address]], table:alias=[customer_address]): rowcount = 4.0E7, cumulative cost = {0}, id = 58943
            HiveJoin(condition=[=($1, $10)], joinType=[inner], algorithm=[none], cost=[{6051487.618931937 rows, 0.0 cpu, 0.0 io}]): rowcount = 1512421.9047329843, cumulative cost = {7.533131734625284E10 rows, 0.0 cpu, 0.0 io}, id = 59505
              HiveJoin(condition=[=($3, $9)], joinType=[inner], algorithm=[none], cost=[{3.230533507610778E8 rows, 0.0 cpu, 0.0 io}]): rowcount = 6049687.618931937, cumulative cost = {7.532526585863391E10 rows, 0.0 cpu, 0.0 io}, id = 59501
                HiveJoin(condition=[=($7, $8)], joinType=[inner], algorithm=[none], cost=[{7.500221250787283E10 rows, 0.0 cpu, 0.0 io}]): rowcount = 3.2305331885096544E8, cumulative cost = {7.500221250787283E10 rows, 0.0 cpu, 0.0 io}, id = 59500
                  HiveProject(ss_customer_sk=[$2], ss_hdemo_sk=[$4], ss_addr_sk=[$5], ss_store_sk=[$6], ss_ticket_number=[$8], ss_coupon_amt=[$18], ss_net_profit=[$21], ss_sold_date_sk=[$22]): rowcount = 7.500221219323248E10, cumulative cost = {0.0 rows, 0.0 cpu, 0.0 io}, id = 59499
                    HiveFilter(condition=[AND(IS NOT NULL($5), IS NOT NULL($4), IS NOT NULL($2), IS NOT NULL($6), IS NOT NULL($22))]): rowcount = 7.500221219323248E10, cumulative cost = {0.0 rows, 0.0 cpu, 0.0 io}, id = 59498
                      HiveTableScan(table=[[default, store_sales]], table:alias=[store_sales]): rowcount = 8.2510879939E10, cumulative cost = {0}, id = 58922
                  HiveProject(d_date_sk=[$0]): rowcount = 314.64034458004306, cumulative cost = {0.0 rows, 0.0 cpu, 0.0 io}, id = 59282
                    HiveFilter(condition=[AND(SEARCH($7, Sarg[0, 6]), SEARCH($6, Sarg[1998, 1999, 2000]))]): rowcount = 314.64034458004306, cumulative cost = {0.0 rows, 0.0 cpu, 0.0 io}, id = 59280
                      HiveTableScan(table=[[default, date_dim]], table:alias=[date_dim]): rowcount = 73049.0, cumulative cost = {0}, id = 58925
                HiveProject(s_store_sk=[$0]): rowcount = 31.910112359550563, cumulative cost = {0.0 rows, 0.0 cpu, 0.0 io}, id = 59289
                  HiveFilter(condition=[SEARCH($22, Sarg[_UTF-16LE'Cedar Grove':VARCHAR(60) CHARACTER SET "UTF-16LE", _UTF-16LE'Highland Park':VARCHAR(60) CHARACTER SET "UTF-16LE", _UTF-16LE'Salem':VARCHAR(60) CHARACTER SET "UTF-16LE", _UTF-16LE'Union':VARCHAR(60) CHARACTER SET "UTF-16LE", _UTF-16LE'Wildwood':VARCHAR(60) CHARACTER SET "UTF-16LE"]:VARCHAR(60) CHARACTER SET "UTF-16LE")]): rowcount = 31.910112359550563, cumulative cost = {0.0 rows, 0.0 cpu, 0.0 io}, id = 59287
                    HiveTableScan(table=[[default, store]], table:alias=[store]): rowcount = 1704.0, cumulative cost = {0}, id = 58931
              HiveProject(hd_demo_sk=[$0]): rowcount = 1800.0, cumulative cost = {0.0 rows, 0.0 cpu, 0.0 io}, id = 59504
                HiveFilter(condition=[OR(=($4, 1), =($3, 2))]): rowcount = 1800.0, cumulative cost = {0.0 rows, 0.0 cpu, 0.0 io}, id = 59503
                  HiveTableScan(table=[[default, household_demographics]], table:alias=[household_demographics]): rowcount = 7200.0, cumulative cost = {0}, id = 58937

