CBO PLAN:
HiveSortLimit(sort0=[$0], sort1=[$2], sort2=[$1], dir0=[ASC], dir1=[ASC], dir2=[ASC], fetch=[100]): rowcount = 1.0, cumulative cost = {8.056941538470041E10 rows, 0.0 cpu, 0.0 io}, id = 88472
  HiveProject((tok_table_or_col i_manager_id)=[$0], (tok_function sum (tok_table_or_col ss_sales_price))=[$1], avg_window_0=[$2]): rowcount = 1.0, cumulative cost = {8.056941538470041E10 rows, 0.0 cpu, 0.0 io}, id = 88473
    HiveFilter(condition=[CASE(>($2, 0:DECIMAL(1, 0)), >(/(ABS(-($1, $2)), $2), 0.1:DECIMAL(1, 1)), false)]): rowcount = 1.0, cumulative cost = {8.056941538470041E10 rows, 0.0 cpu, 0.0 io}, id = 88471
      HiveProject((tok_table_or_col i_manager_id)=[$0], (tok_function sum (tok_table_or_col ss_sales_price))=[$2], avg_window_0=[avg($2) OVER (PARTITION BY $0 ORDER BY $0 NULLS FIRST RANGE BETWEEN UNBOUNDED PRECEDING AND UNBOUNDED FOLLOWING)]): rowcount = 103.97389710631197, cumulative cost = {8.056941538470041E10 rows, 0.0 cpu, 0.0 io}, id = 88470
        HiveProject(i_manager_id=[$0], d_moy=[$1], $f2=[$2]): rowcount = 103.97389710631197, cumulative cost = {8.056941538470041E10 rows, 0.0 cpu, 0.0 io}, id = 88474
          HiveAggregate(group=[{4, 6}], agg#0=[sum($1)]): rowcount = 103.97389710631197, cumulative cost = {8.056941538470041E10 rows, 0.0 cpu, 0.0 io}, id = 88469
            HiveJoin(condition=[=($2, $5)], joinType=[inner], algorithm=[none], cost=[{174751.70041430646 rows, 0.0 cpu, 0.0 io}]): rowcount = 858.01867522883, cumulative cost = {8.056941538470041E10 rows, 0.0 cpu, 0.0 io}, id = 88468
              HiveJoin(condition=[=($0, $3)], joinType=[inner], algorithm=[none], cost=[{8.0569240633E10 rows, 0.0 cpu, 0.0 io}]): rowcount = 174392.29574025972, cumulative cost = {8.0569240633E10 rows, 0.0 cpu, 0.0 io}, id = 88467
                HiveProject(ss_item_sk=[$1], ss_sales_price=[$12], ss_sold_date_sk=[$22]): rowcount = 8.0569240632E10, cumulative cost = {0.0 rows, 0.0 cpu, 0.0 io}, id = 88463
                  HiveFilter(condition=[AND(IS NOT NULL($6), IS NOT NULL($22))]): rowcount = 8.0569240632E10, cumulative cost = {0.0 rows, 0.0 cpu, 0.0 io}, id = 88462
                    HiveTableScan(table=[[default, store_sales]], table:alias=[store_sales]): rowcount = 8.2510879939E10, cumulative cost = {0}, id = 88200
                HiveProject(i_item_sk=[$0], i_manager_id=[$20]): rowcount = 1.0, cumulative cost = {0.0 rows, 0.0 cpu, 0.0 io}, id = 88466
                  HiveFilter(condition=[AND(IN($8, _UTF-16LE'scholaramalgamalg #14                             ', _UTF-16LE'scholaramalgamalg #7                              ', _UTF-16LE'exportiunivamalg #9                               ', _UTF-16LE'scholaramalgamalg #9                              ', _UTF-16LE'amalgimporto #1                                   ', _UTF-16LE'edu packscholar #1                                ', _UTF-16LE'exportiimporto #1                                 ', _UTF-16LE'importoamalg #1                                   '), IN($10, _UTF-16LE'personal                                          ', _UTF-16LE'portable                                          ', _UTF-16LE'refernece                                         ', _UTF-16LE'self-help                                         ', _UTF-16LE'accessories                                       ', _UTF-16LE'classical                                         ', _UTF-16LE'fragrances                                        ', _UTF-16LE'pants                                             '), IN($12, _UTF-16LE'Books                                             ', _UTF-16LE'Children                                          ', _UTF-16LE'Electronics                                       ', _UTF-16LE'Women                                             ', _UTF-16LE'Music                                             ', _UTF-16LE'Men                                               '), OR(AND(IN($12, _UTF-16LE'Books                                             ', _UTF-16LE'Children                                          ', _UTF-16LE'Electronics                                       '), IN($10, _UTF-16LE'personal                                          ', _UTF-16LE'portable                                          ', _UTF-16LE'refernece                                         ', _UTF-16LE'self-help                                         '), IN($8, _UTF-16LE'scholaramalgamalg #14                             ', _UTF-16LE'scholaramalgamalg #7                              ', _UTF-16LE'exportiunivamalg #9                               ', _UTF-16LE'scholaramalgamalg #9                              ')), AND(IN($12, _UTF-16LE'Women                                             ', _UTF-16LE'Music                                             ', _UTF-16LE'Men                                               '), IN($10, _UTF-16LE'accessories                                       ', _UTF-16LE'classical                                         ', _UTF-16LE'fragrances                                        ', _UTF-16LE'pants                                             '), IN($8, _UTF-16LE'amalgimporto #1                                   ', _UTF-16LE'edu packscholar #1                                ', _UTF-16LE'exportiimporto #1                                 ', _UTF-16LE'importoamalg #1                                   '))))]): rowcount = 1.0, cumulative cost = {0.0 rows, 0.0 cpu, 0.0 io}, id = 88465
                    HiveTableScan(table=[[default, item]], table:alias=[item]): rowcount = 462000.0, cumulative cost = {0}, id = 88196
              HiveProject(d_date_sk=[$0], d_moy=[$8]): rowcount = 359.4046740467404, cumulative cost = {0.0 rows, 0.0 cpu, 0.0 io}, id = 88354
                HiveFilter(condition=[IN($3, 1212, 1213, 1214, 1215, 1216, 1217, 1218, 1219, 1220, 1221, 1222, 1223)]): rowcount = 359.4046740467404, cumulative cost = {0.0 rows, 0.0 cpu, 0.0 io}, id = 88352
                  HiveTableScan(table=[[default, date_dim]], table:alias=[date_dim]): rowcount = 73049.0, cumulative cost = {0}, id = 88206

