CTE Suggestion:
HiveProject(d_date_sk=[$0])
  HiveFilter(condition=[=($6, 1999)])
    HiveTableScan(table=[[default, date_dim]], table:alias=[date_dim])

CTE Suggestion:
HiveProject(d_date_sk=[$0])
  HiveFilter(condition=[=($6, 2000)])
    HiveTableScan(table=[[default, date_dim]], table:alias=[date_dim])

CTE Suggestion:
HiveProject(ss_customer_sk=[$2], ss_sold_date_sk=[$22], $f8=[-($16, $13)])
  HiveFilter(condition=[AND(IS NOT NULL($2), IS NOT NULL($22))])
    HiveTableScan(table=[[default, store_sales]], table:alias=[store_sales])

CTE Suggestion:
HiveProject(ws_bill_customer_sk=[$3], ws_sold_date_sk=[$33], $f8=[-($24, $21)])
  HiveFilter(condition=[AND(IS NOT NULL($3), IS NOT NULL($33))])
    HiveTableScan(table=[[default, web_sales]], table:alias=[web_sales])

CBO PLAN:
HiveSortLimit(sort0=[$0], sort1=[$1], sort2=[$2], sort3=[$3], dir0=[ASC], dir1=[ASC], dir2=[ASC], dir3=[ASC], fetch=[100]): rowcount = 1.3940088712179217, cumulative cost = {8.121087571214435E10 rows, 0.0 cpu, 0.0 io}, id = 7534
  HiveProject(customer_id=[$8], customer_first_name=[$9], customer_last_name=[$10], customer_birth_country=[$11]): rowcount = 1.3940088712179217, cumulative cost = {8.121087571214435E10 rows, 0.0 cpu, 0.0 io}, id = 7850
    HiveJoin(condition=[AND(=($8, $2), CASE($4, CASE($7, >(/($1, $6), /($12, $3)), >(0:DECIMAL(1, 0), /($12, $3))), CASE($7, >(/($1, $6), 0:DECIMAL(1, 0)), false)))], joinType=[inner], algorithm=[none], cost=[{8.000000136043309E7 rows, 0.0 cpu, 0.0 io}]): rowcount = 1.3940088712179217, cumulative cost = {8.121087571214435E10 rows, 0.0 cpu, 0.0 io}, id = 7528
      HiveJoin(condition=[=($2, $0)], joinType=[inner], algorithm=[none], cost=[{8.0000001E7 rows, 0.0 cpu, 0.0 io}]): rowcount = 1.3604330939439206, cumulative cost = {8.113087571078392E10 rows, 0.0 cpu, 0.0 io}, id = 7511
        HiveProject(c_customer_id=[$0], $f1=[$1]): rowcount = 8.0E7, cumulative cost = {2.178044741431658E10 rows, 0.0 cpu, 0.0 io}, id = 8216
          HiveAggregate(group=[{5}], agg#0=[sum($2)]): rowcount = 8.0E7, cumulative cost = {2.178044741431658E10 rows, 0.0 cpu, 0.0 io}, id = 7844
            HiveJoin(condition=[=($4, $0)], joinType=[inner], algorithm=[none], cost=[{1.885022352361809E8 rows, 0.0 cpu, 0.0 io}]): rowcount = 1.00000008E15, cumulative cost = {2.178044741431658E10 rows, 0.0 cpu, 0.0 io}, id = 7456
              HiveJoin(condition=[=($1, $3)], joinType=[inner], algorithm=[none], cost=[{2.1591945179080402E10 rows, 0.0 cpu, 0.0 io}]): rowcount = 1.085022352361809E8, cumulative cost = {2.1591945179080402E10 rows, 0.0 cpu, 0.0 io}, id = 7451
                HiveProject(ws_bill_customer_sk=[$3], ws_sold_date_sk=[$33], $f8=[-($24, $21)]): rowcount = 2.1591944812E10, cumulative cost = {0.0 rows, 0.0 cpu, 0.0 io}, id = 7444
                  HiveFilter(condition=[AND(IS NOT NULL($3), IS NOT NULL($33))]): rowcount = 2.1591944812E10, cumulative cost = {0.0 rows, 0.0 cpu, 0.0 io}, id = 7442
                    HiveTableScan(table=[[default, web_sales]], table:alias=[web_sales]): rowcount = 2.1594638446E10, cumulative cost = {0}, id = 6955
                HiveProject(d_date_sk=[$0]): rowcount = 367.08040201005025, cumulative cost = {0.0 rows, 0.0 cpu, 0.0 io}, id = 7449
                  HiveFilter(condition=[=($6, 2000)]): rowcount = 367.08040201005025, cumulative cost = {0.0 rows, 0.0 cpu, 0.0 io}, id = 7447
                    HiveTableScan(table=[[default, date_dim]], table:alias=[date_dim]): rowcount = 73049.0, cumulative cost = {0}, id = 6920
              HiveProject(c_customer_sk=[$0], c_customer_id=[$1], c_first_name=[$8], c_last_name=[$9], c_preferred_cust_flag=[$10], c_birth_country=[$14], c_login=[$15], c_email_address=[$16]): rowcount = 8.0E7, cumulative cost = {0.0 rows, 0.0 cpu, 0.0 io}, id = 7454
                HiveTableScan(table=[[default, customer]], table:alias=[customer]): rowcount = 8.0E7, cumulative cost = {0}, id = 6911
        HiveJoin(condition=[=($0, $3)], joinType=[inner], algorithm=[none], cost=[{2.0 rows, 0.0 cpu, 0.0 io}]): rowcount = 1.0, cumulative cost = {8.105087570978392E10 rows, 0.0 cpu, 0.0 io}, id = 7509
          HiveProject(customer_id=[$0], year_total=[$1], EXPR$0=[>($1, 0:DECIMAL(1, 0))]): rowcount = 1.0, cumulative cost = {8.105087570778392E10 rows, 0.0 cpu, 0.0 io}, id = 7488
            HiveFilter(condition=[>($1, 0:DECIMAL(1, 0))]): rowcount = 1.0, cumulative cost = {8.105087570778392E10 rows, 0.0 cpu, 0.0 io}, id = 7486
              HiveAggregate(group=[{5}], agg#0=[sum($2)]): rowcount = 8.0E7, cumulative cost = {8.105087570778392E10 rows, 0.0 cpu, 0.0 io}, id = 7836
                HiveJoin(condition=[=($4, $0)], joinType=[inner], algorithm=[none], cost=[{4.848543767035176E8 rows, 0.0 cpu, 0.0 io}]): rowcount = 1.00000008E15, cumulative cost = {8.105087570778392E10 rows, 0.0 cpu, 0.0 io}, id = 7478
                  HiveJoin(condition=[=($1, $3)], joinType=[inner], algorithm=[none], cost=[{8.05660213310804E10 rows, 0.0 cpu, 0.0 io}]): rowcount = 4.048543767035176E8, cumulative cost = {8.05660213310804E10 rows, 0.0 cpu, 0.0 io}, id = 7475
                    HiveProject(ss_customer_sk=[$2], ss_sold_date_sk=[$22], $f8=[-($16, $13)]): rowcount = 8.0566020964E10, cumulative cost = {0.0 rows, 0.0 cpu, 0.0 io}, id = 7469
                      HiveFilter(condition=[AND(IS NOT NULL($2), IS NOT NULL($22))]): rowcount = 8.0566020964E10, cumulative cost = {0.0 rows, 0.0 cpu, 0.0 io}, id = 7467
                        HiveTableScan(table=[[default, store_sales]], table:alias=[store_sales]): rowcount = 8.2510879939E10, cumulative cost = {0}, id = 6914
                    HiveProject(d_date_sk=[$0]): rowcount = 367.08040201005025, cumulative cost = {0.0 rows, 0.0 cpu, 0.0 io}, id = 7473
                      HiveFilter(condition=[=($6, 1999)]): rowcount = 367.08040201005025, cumulative cost = {0.0 rows, 0.0 cpu, 0.0 io}, id = 7471
                        HiveTableScan(table=[[default, date_dim]], table:alias=[date_dim]): rowcount = 73049.0, cumulative cost = {0}, id = 6920
                  HiveProject(c_customer_sk=[$0], c_customer_id=[$1], c_first_name=[$8], c_last_name=[$9], c_preferred_cust_flag=[$10], c_birth_country=[$14], c_login=[$15], c_email_address=[$16]): rowcount = 8.0E7, cumulative cost = {0.0 rows, 0.0 cpu, 0.0 io}, id = 7454
                    HiveTableScan(table=[[default, customer]], table:alias=[customer]): rowcount = 8.0E7, cumulative cost = {0}, id = 6911
          HiveProject(customer_id=[$0], year_total=[$1], EXPR$1=[>($1, 0:DECIMAL(1, 0))]): rowcount = 1.0, cumulative cost = {2.178044741431658E10 rows, 0.0 cpu, 0.0 io}, id = 7507
            HiveFilter(condition=[>($1, 0:DECIMAL(1, 0))]): rowcount = 1.0, cumulative cost = {2.178044741431658E10 rows, 0.0 cpu, 0.0 io}, id = 7505
              HiveAggregate(group=[{5}], agg#0=[sum($2)]): rowcount = 8.0E7, cumulative cost = {2.178044741431658E10 rows, 0.0 cpu, 0.0 io}, id = 7840
                HiveJoin(condition=[=($4, $0)], joinType=[inner], algorithm=[none], cost=[{1.885022352361809E8 rows, 0.0 cpu, 0.0 io}]): rowcount = 1.00000008E15, cumulative cost = {2.178044741431658E10 rows, 0.0 cpu, 0.0 io}, id = 7497
                  HiveJoin(condition=[=($1, $3)], joinType=[inner], algorithm=[none], cost=[{2.1591945179080402E10 rows, 0.0 cpu, 0.0 io}]): rowcount = 1.085022352361809E8, cumulative cost = {2.1591945179080402E10 rows, 0.0 cpu, 0.0 io}, id = 7494
                    HiveProject(ws_bill_customer_sk=[$3], ws_sold_date_sk=[$33], $f8=[-($24, $21)]): rowcount = 2.1591944812E10, cumulative cost = {0.0 rows, 0.0 cpu, 0.0 io}, id = 7444
                      HiveFilter(condition=[AND(IS NOT NULL($3), IS NOT NULL($33))]): rowcount = 2.1591944812E10, cumulative cost = {0.0 rows, 0.0 cpu, 0.0 io}, id = 7442
                        HiveTableScan(table=[[default, web_sales]], table:alias=[web_sales]): rowcount = 2.1594638446E10, cumulative cost = {0}, id = 6955
                    HiveProject(d_date_sk=[$0]): rowcount = 367.08040201005025, cumulative cost = {0.0 rows, 0.0 cpu, 0.0 io}, id = 7473
                      HiveFilter(condition=[=($6, 1999)]): rowcount = 367.08040201005025, cumulative cost = {0.0 rows, 0.0 cpu, 0.0 io}, id = 7471
                        HiveTableScan(table=[[default, date_dim]], table:alias=[date_dim]): rowcount = 73049.0, cumulative cost = {0}, id = 6920
                  HiveProject(c_customer_sk=[$0], c_customer_id=[$1], c_first_name=[$8], c_last_name=[$9], c_preferred_cust_flag=[$10], c_birth_country=[$14], c_login=[$15], c_email_address=[$16]): rowcount = 8.0E7, cumulative cost = {0.0 rows, 0.0 cpu, 0.0 io}, id = 7454
                    HiveTableScan(table=[[default, customer]], table:alias=[customer]): rowcount = 8.0E7, cumulative cost = {0}, id = 6911
      HiveProject(c_customer_id=[$0], c_first_name=[$1], c_last_name=[$2], c_birth_country=[$3], $f4=[$4]): rowcount = 8.0E7, cumulative cost = {8.105087570778392E10 rows, 0.0 cpu, 0.0 io}, id = 8217
        HiveAggregate(group=[{5, 6, 7, 9}], agg#0=[sum($2)]): rowcount = 8.0E7, cumulative cost = {8.105087570778392E10 rows, 0.0 cpu, 0.0 io}, id = 7848
          HiveJoin(condition=[=($4, $0)], joinType=[inner], algorithm=[none], cost=[{4.848543767035176E8 rows, 0.0 cpu, 0.0 io}]): rowcount = 1.00000008E15, cumulative cost = {8.105087570778392E10 rows, 0.0 cpu, 0.0 io}, id = 7520
            HiveJoin(condition=[=($1, $3)], joinType=[inner], algorithm=[none], cost=[{8.05660213310804E10 rows, 0.0 cpu, 0.0 io}]): rowcount = 4.048543767035176E8, cumulative cost = {8.05660213310804E10 rows, 0.0 cpu, 0.0 io}, id = 7517
              HiveProject(ss_customer_sk=[$2], ss_sold_date_sk=[$22], $f8=[-($16, $13)]): rowcount = 8.0566020964E10, cumulative cost = {0.0 rows, 0.0 cpu, 0.0 io}, id = 7469
                HiveFilter(condition=[AND(IS NOT NULL($2), IS NOT NULL($22))]): rowcount = 8.0566020964E10, cumulative cost = {0.0 rows, 0.0 cpu, 0.0 io}, id = 7467
                  HiveTableScan(table=[[default, store_sales]], table:alias=[store_sales]): rowcount = 8.2510879939E10, cumulative cost = {0}, id = 6914
              HiveProject(d_date_sk=[$0]): rowcount = 367.08040201005025, cumulative cost = {0.0 rows, 0.0 cpu, 0.0 io}, id = 7449
                HiveFilter(condition=[=($6, 2000)]): rowcount = 367.08040201005025, cumulative cost = {0.0 rows, 0.0 cpu, 0.0 io}, id = 7447
                  HiveTableScan(table=[[default, date_dim]], table:alias=[date_dim]): rowcount = 73049.0, cumulative cost = {0}, id = 6920
            HiveProject(c_customer_sk=[$0], c_customer_id=[$1], c_first_name=[$8], c_last_name=[$9], c_preferred_cust_flag=[$10], c_birth_country=[$14], c_login=[$15], c_email_address=[$16]): rowcount = 8.0E7, cumulative cost = {0.0 rows, 0.0 cpu, 0.0 io}, id = 7454
              HiveTableScan(table=[[default, customer]], table:alias=[customer]): rowcount = 8.0E7, cumulative cost = {0}, id = 6911

