CBO PLAN:
HiveSortLimit(sort0=[$0], sort1=[$1], sort2=[$2], dir0=[ASC], dir1=[ASC], dir2=[ASC], fetch=[100]): rowcount = 100.0, cumulative cost = {1.0000789759330715E15 rows, 0.0 cpu, 0.0 io}, id = 19564
  HiveProject(i_item_id=[$0], i_item_desc=[$1], s_state=[$2], store_sales_quantitycount=[$3], store_sales_quantityave=[/(CAST($4):DOUBLE, $3)], store_sales_quantitystdev=[POWER(/(-($5, /(*($6, $6), $7)), CASE(=($7, 1), null:BIGINT, -($7, 1))), 0.5:DECIMAL(2, 1))], store_sales_quantitycov=[/(POWER(/(-($5, /(*($6, $6), $7)), CASE(=($7, 1), null:BIGINT, -($7, 1))), 0.5:DECIMAL(2, 1)), /(CAST($4):DOUBLE, $3))], as_store_returns_quantitycount=[$8], as_store_returns_quantityave=[/(CAST($9):DOUBLE, $8)], as_store_returns_quantitystdev=[POWER(/(-($10, /(*($11, $11), $12)), CASE(=($12, 1), null:BIGINT, -($12, 1))), 0.5:DECIMAL(2, 1))], store_returns_quantitycov=[/(POWER(/(-($10, /(*($11, $11), $12)), CASE(=($12, 1), null:BIGINT, -($12, 1))), 0.5:DECIMAL(2, 1)), /(CAST($9):DOUBLE, $8))], catalog_sales_quantitycount=[$13], catalog_sales_quantityave=[/(CAST($14):DOUBLE, $13)], catalog_sales_quantitystdev=[/(POWER(/(-($15, /(*($16, $16), $17)), CASE(=($17, 1), null:BIGINT, -($17, 1))), 0.5:DECIMAL(2, 1)), /(CAST($14):DOUBLE, $13))], catalog_sales_quantitycov=[/(POWER(/(-($15, /(*($16, $16), $17)), CASE(=($17, 1), null:BIGINT, -($17, 1))), 0.5:DECIMAL(2, 1)), /(CAST($14):DOUBLE, $13))]): rowcount = 462000.0, cumulative cost = {1.0000789759330715E15 rows, 0.0 cpu, 0.0 io}, id = 19563
    HiveAggregate(group=[{0, 1, 2}], agg#0=[count($3)], agg#1=[sum($3)], agg#2=[sum($7)], agg#3=[sum($6)], agg#4=[count($6)], agg#5=[count($4)], agg#6=[sum($4)], agg#7=[sum($9)], agg#8=[sum($8)], agg#9=[count($8)], agg#10=[count($5)], agg#11=[sum($5)], agg#12=[sum($11)], agg#13=[sum($10)], agg#14=[count($10)]): rowcount = 462000.0, cumulative cost = {1.0000789759330715E15 rows, 0.0 cpu, 0.0 io}, id = 19562
      HiveProject($f0=[$21], $f1=[$22], $f2=[$19], $f3=[$9], $f4=[$15], $f5=[$2], $f30=[CAST($9):DOUBLE], $f7=[*(CAST($9):DOUBLE, CAST($9):DOUBLE)], $f40=[CAST($15):DOUBLE], $f9=[*(CAST($15):DOUBLE, CAST($15):DOUBLE)], $f50=[CAST($2):DOUBLE], $f11=[*(CAST($2):DOUBLE, CAST($2):DOUBLE)]): rowcount = 1.000000000462E15, cumulative cost = {1.0000789759330715E15 rows, 0.0 cpu, 0.0 io}, id = 19561
        HiveJoin(condition=[=($20, $5)], joinType=[inner], algorithm=[none], cost=[{1.000000000463704E15 rows, 0.0 cpu, 0.0 io}]): rowcount = 1.000000000462E15, cumulative cost = {1.0000789759330715E15 rows, 0.0 cpu, 0.0 io}, id = 19560
          HiveJoin(condition=[=($18, $7)], joinType=[inner], algorithm=[none], cost=[{1.0825777368023423E7 rows, 0.0 cpu, 0.0 io}]): rowcount = 1.000000000001704E15, cumulative cost = {7.897546936747916E10 rows, 0.0 cpu, 0.0 io}, id = 19559
            HiveJoin(condition=[AND(=($13, $0), =($12, $1))], joinType=[inner], algorithm=[none], cost=[{1.65475137712875E8 rows, 0.0 cpu, 0.0 io}]): rowcount = 1.0824073368023423E7, cumulative cost = {7.896464359011113E10 rows, 0.0 cpu, 0.0 io}, id = 19558
              HiveJoin(condition=[=($3, $4)], joinType=[inner], algorithm=[none], cost=[{4.289939341693375E10 rows, 0.0 cpu, 0.0 io}]): rowcount = 1.6087272428625E8, cumulative cost = {4.289939341693375E10 rows, 0.0 cpu, 0.0 io}, id = 19325
                HiveProject(cs_bill_customer_sk=[$2], cs_item_sk=[$14], cs_quantity=[$17], cs_sold_date_sk=[$33]): rowcount = 4.2899393143E10, cumulative cost = {0.0 rows, 0.0 cpu, 0.0 io}, id = 19318
                  HiveFilter(condition=[AND(IS NOT NULL($2), IS NOT NULL($33))]): rowcount = 4.2899393143E10, cumulative cost = {0.0 rows, 0.0 cpu, 0.0 io}, id = 19316
                    HiveTableScan(table=[[default, catalog_sales]], table:alias=[catalog_sales]): rowcount = 4.3005109025E10, cumulative cost = {0}, id = 18717
                HiveProject(d_date_sk=[$0]): rowcount = 273.93375, cumulative cost = {0.0 rows, 0.0 cpu, 0.0 io}, id = 19323
                  HiveFilter(condition=[SEARCH($15, Sarg[_UTF-16LE'2000Q1', _UTF-16LE'2000Q2', _UTF-16LE'2000Q3']:CHAR(6) CHARACTER SET "UTF-16LE")]): rowcount = 273.93375, cumulative cost = {0.0 rows, 0.0 cpu, 0.0 io}, id = 19321
                    HiveTableScan(table=[[default, date_dim]], table:alias=[d3]): rowcount = 73049.0, cumulative cost = {0}, id = 18734
              HiveProject(ss_item_sk=[$0], ss_customer_sk=[$1], ss_store_sk=[$2], ss_ticket_number=[$3], ss_quantity=[$4], ss_sold_date_sk=[$5], d_date_sk=[$6], sr_item_sk=[$7], sr_customer_sk=[$8], sr_ticket_number=[$9], sr_return_quantity=[$10], sr_returned_date_sk=[$11], d_date_sk0=[$12]): rowcount = 4602413.426624999, cumulative cost = {7.879916845239825E10 rows, 0.0 cpu, 0.0 io}, id = 19565
                HiveJoin(condition=[AND(=($1, $8), =($0, $7), =($3, $9))], joinType=[inner], algorithm=[none], cost=[{1.2902044107751186E8 rows, 0.0 cpu, 0.0 io}]): rowcount = 4602413.426624999, cumulative cost = {7.879916845239825E10 rows, 0.0 cpu, 0.0 io}, id = 19557
                  HiveJoin(condition=[=($6, $5)], joinType=[inner], algorithm=[none], cost=[{7.867014801132074E10 rows, 0.0 cpu, 0.0 io}]): rowcount = 9.833768490001187E7, cumulative cost = {7.867014801132074E10 rows, 0.0 cpu, 0.0 io}, id = 19556
                    HiveProject(ss_item_sk=[$1], ss_customer_sk=[$2], ss_store_sk=[$6], ss_ticket_number=[$8], ss_quantity=[$9], ss_sold_date_sk=[$22]): rowcount = 7.867014792000949E10, cumulative cost = {0.0 rows, 0.0 cpu, 0.0 io}, id = 19555
                      HiveFilter(condition=[AND(IS NOT NULL($2), IS NOT NULL($6), IS NOT NULL($22))]): rowcount = 7.867014792000949E10, cumulative cost = {0.0 rows, 0.0 cpu, 0.0 io}, id = 19554
                        HiveTableScan(table=[[default, store_sales]], table:alias=[store_sales]): rowcount = 8.2510879939E10, cumulative cost = {0}, id = 18709
                    HiveProject(d_date_sk=[$0]): rowcount = 91.31125, cumulative cost = {0.0 rows, 0.0 cpu, 0.0 io}, id = 19335
                      HiveFilter(condition=[=($15, _UTF-16LE'2000Q1')]): rowcount = 91.31125, cumulative cost = {0.0 rows, 0.0 cpu, 0.0 io}, id = 19333
                        HiveTableScan(table=[[default, date_dim]], table:alias=[d1]): rowcount = 73049.0, cumulative cost = {0}, id = 18722
                  HiveProject(sr_item_sk=[$0], sr_customer_sk=[$1], sr_ticket_number=[$2], sr_return_quantity=[$3], sr_returned_date_sk=[$4], d_date_sk=[$5]): rowcount = 3.06827561775E7, cumulative cost = {8.18206858793375E9 rows, 0.0 cpu, 0.0 io}, id = 19566
                    HiveJoin(condition=[=($4, $5)], joinType=[inner], algorithm=[none], cost=[{8.18206858793375E9 rows, 0.0 cpu, 0.0 io}]): rowcount = 3.06827561775E7, cumulative cost = {8.18206858793375E9 rows, 0.0 cpu, 0.0 io}, id = 19349
                      HiveProject(sr_item_sk=[$1], sr_customer_sk=[$2], sr_ticket_number=[$8], sr_return_quantity=[$9], sr_returned_date_sk=[$19]): rowcount = 8.182068314E9, cumulative cost = {0.0 rows, 0.0 cpu, 0.0 io}, id = 19342
                        HiveFilter(condition=[AND(IS NOT NULL($2), IS NOT NULL($19))]): rowcount = 8.182068314E9, cumulative cost = {0.0 rows, 0.0 cpu, 0.0 io}, id = 19340
                          HiveTableScan(table=[[default, store_returns]], table:alias=[store_returns]): rowcount = 8.332595709E9, cumulative cost = {0}, id = 18712
                      HiveProject(d_date_sk=[$0]): rowcount = 273.93375, cumulative cost = {0.0 rows, 0.0 cpu, 0.0 io}, id = 19347
                        HiveFilter(condition=[SEARCH($15, Sarg[_UTF-16LE'2000Q1', _UTF-16LE'2000Q2', _UTF-16LE'2000Q3']:CHAR(6) CHARACTER SET "UTF-16LE")]): rowcount = 273.93375, cumulative cost = {0.0 rows, 0.0 cpu, 0.0 io}, id = 19345
                          HiveTableScan(table=[[default, date_dim]], table:alias=[d2]): rowcount = 73049.0, cumulative cost = {0}, id = 18728
            HiveProject(s_store_sk=[$0], s_state=[$24]): rowcount = 1704.0, cumulative cost = {0.0 rows, 0.0 cpu, 0.0 io}, id = 19356
              HiveTableScan(table=[[default, store]], table:alias=[store]): rowcount = 1704.0, cumulative cost = {0}, id = 18740
          HiveProject(i_item_sk=[$0], i_item_id=[$1], i_item_desc=[$4]): rowcount = 462000.0, cumulative cost = {0.0 rows, 0.0 cpu, 0.0 io}, id = 19361
            HiveTableScan(table=[[default, item]], table:alias=[item]): rowcount = 462000.0, cumulative cost = {0}, id = 18745

