CBO PLAN:
HiveProject(w_warehouse_sk=[$0], i_item_sk=[$1], d_moy=[CAST(4):INTEGER], mean=[$2], cov=[$3], w_warehouse_sk1=[$4], i_item_sk1=[$5], d_moy1=[CAST(5):INTEGER], mean1=[$6], cov1=[$7]): rowcount = 1623971.151521634, cumulative cost = {1.6285453614742606E9 rows, 0.0 cpu, 0.0 io}, id = 50566
  HiveSortLimit(sort0=[$0], sort1=[$1], sort2=[$2], sort3=[$3], sort4=[$6], sort5=[$7], dir0=[ASC], dir1=[ASC], dir2=[ASC], dir3=[ASC], dir4=[ASC], dir5=[ASC]): rowcount = 1623971.151521634, cumulative cost = {1.6285453614742606E9 rows, 0.0 cpu, 0.0 io}, id = 50564
    HiveProject(w_warehouse_sk=[$0], i_item_sk=[$1], mean=[$6], cov=[$7], w_warehouse_sk0=[$0], i_item_sk0=[$1], mean0=[$2], cov0=[$3]): rowcount = 1623971.151521634, cumulative cost = {1.6285453614742606E9 rows, 0.0 cpu, 0.0 io}, id = 50562
      HiveJoin(condition=[AND(=($5, $1), =($4, $0))], joinType=[inner], algorithm=[none], cost=[{6621.7234230284885 rows, 0.0 cpu, 0.0 io}]): rowcount = 1623971.151521634, cumulative cost = {1.6285453614742606E9 rows, 0.0 cpu, 0.0 io}, id = 50560
        HiveProject(w_warehouse_sk=[$0], i_item_sk=[$1], mean=[/(CAST($5):DOUBLE, $6)], cov=[CASE(=(/(CAST($5):DOUBLE, $6), 0), null:DOUBLE, /(POWER(/(-($2, /(*($3, $3), $4)), CASE(=($4, 1), null:BIGINT, -($4, 1))), 0.5:DECIMAL(2, 1)), /(CAST($5):DOUBLE, $6)))]): rowcount = 3310.8617115142442, cumulative cost = {1.6285387397508376E9 rows, 0.0 cpu, 0.0 io}, id = 50540
          HiveFilter(condition=[CASE(=(/(CAST($5):DOUBLE, $6), 0), false, >(/(POWER(/(-($2, /(*($3, $3), $4)), CASE(=($4, 1), null:BIGINT, -($4, 1))), 0.5:DECIMAL(2, 1)), /(CAST($5):DOUBLE, $6)), 1))]): rowcount = 3310.8617115142442, cumulative cost = {1.6285387397508376E9 rows, 0.0 cpu, 0.0 io}, id = 50538
            HiveAggregate(group=[{1, 2}], agg#0=[sum($5)], agg#1=[sum($4)], agg#2=[count($4)], agg#3=[sum($3)], agg#4=[count($3)]): rowcount = 357573.0648435384, cumulative cost = {1.6285387397508376E9 rows, 0.0 cpu, 0.0 io}, id = 50536
              HiveProject($f0=[$6], $f1=[$5], $f2=[$3], $f4=[$2], $f40=[CAST($2):DOUBLE], $f6=[*(CAST($2):DOUBLE, CAST($2):DOUBLE)]): rowcount = 1.000000000000027E15, cumulative cost = {1.6285387397508376E9 rows, 0.0 cpu, 0.0 io}, id = 50534
                HiveJoin(condition=[=($1, $5)], joinType=[inner], algorithm=[none], cost=[{681709.1608040201 rows, 0.0 cpu, 0.0 io}]): rowcount = 1.000000000000027E15, cumulative cost = {1.6285387397508376E9 rows, 0.0 cpu, 0.0 io}, id = 50532
                  HiveJoin(condition=[=($0, $4)], joinType=[inner], algorithm=[none], cost=[{1.6278570305900335E9 rows, 0.0 cpu, 0.0 io}]): rowcount = 681682.1608040201, cumulative cost = {1.6278570305900335E9 rows, 0.0 cpu, 0.0 io}, id = 50527
                    HiveProject(inv_date_sk=[$0], inv_warehouse_sk=[$2], inv_quantity_on_hand=[$3], inv_item_sk=[$1]): rowcount = 1.627857E9, cumulative cost = {0.0 rows, 0.0 cpu, 0.0 io}, id = 50520
                      HiveTableScan(table=[[default, inventory]], table:alias=[inventory]): rowcount = 1.627857E9, cumulative cost = {0}, id = 50275
                    HiveProject(d_date_sk=[$0]): rowcount = 30.59003350083752, cumulative cost = {0.0 rows, 0.0 cpu, 0.0 io}, id = 50525
                      HiveFilter(condition=[AND(=($6, 1999), =($8, 5))]): rowcount = 30.59003350083752, cumulative cost = {0.0 rows, 0.0 cpu, 0.0 io}, id = 50523
                        HiveTableScan(table=[[default, date_dim]], table:alias=[date_dim]): rowcount = 73049.0, cumulative cost = {0}, id = 50284
                  HiveProject(w_warehouse_sk=[$0], w_warehouse_name=[$2]): rowcount = 27.0, cumulative cost = {0.0 rows, 0.0 cpu, 0.0 io}, id = 50530
                    HiveTableScan(table=[[default, warehouse]], table:alias=[warehouse]): rowcount = 27.0, cumulative cost = {0}, id = 50279
        HiveProject(w_warehouse_sk=[$0], i_item_sk=[$1], mean=[/(CAST($5):DOUBLE, $6)], cov=[CASE(=(/(CAST($5):DOUBLE, $6), 0), null:DOUBLE, /(POWER(/(-($2, /(*($3, $3), $4)), CASE(=($4, 1), null:BIGINT, -($4, 1))), 0.5:DECIMAL(2, 1)), /(CAST($5):DOUBLE, $6)))]): rowcount = 3310.8617115142442, cumulative cost = {1.6285387397508376E9 rows, 0.0 cpu, 0.0 io}, id = 50558
          HiveFilter(condition=[CASE(=(/(CAST($5):DOUBLE, $6), 0), false, >(/(POWER(/(-($2, /(*($3, $3), $4)), CASE(=($4, 1), null:BIGINT, -($4, 1))), 0.5:DECIMAL(2, 1)), /(CAST($5):DOUBLE, $6)), 1))]): rowcount = 3310.8617115142442, cumulative cost = {1.6285387397508376E9 rows, 0.0 cpu, 0.0 io}, id = 50556
            HiveAggregate(group=[{1, 2}], agg#0=[sum($5)], agg#1=[sum($4)], agg#2=[count($4)], agg#3=[sum($3)], agg#4=[count($3)]): rowcount = 357573.0648435384, cumulative cost = {1.6285387397508376E9 rows, 0.0 cpu, 0.0 io}, id = 50554
              HiveProject($f0=[$6], $f1=[$5], $f2=[$3], $f4=[$2], $f40=[CAST($2):DOUBLE], $f6=[*(CAST($2):DOUBLE, CAST($2):DOUBLE)]): rowcount = 1.000000000000027E15, cumulative cost = {1.6285387397508376E9 rows, 0.0 cpu, 0.0 io}, id = 50552
                HiveJoin(condition=[=($1, $5)], joinType=[inner], algorithm=[none], cost=[{681709.1608040201 rows, 0.0 cpu, 0.0 io}]): rowcount = 1.000000000000027E15, cumulative cost = {1.6285387397508376E9 rows, 0.0 cpu, 0.0 io}, id = 50550
                  HiveJoin(condition=[=($0, $4)], joinType=[inner], algorithm=[none], cost=[{1.6278570305900335E9 rows, 0.0 cpu, 0.0 io}]): rowcount = 681682.1608040201, cumulative cost = {1.6278570305900335E9 rows, 0.0 cpu, 0.0 io}, id = 50547
                    HiveProject(inv_date_sk=[$0], inv_warehouse_sk=[$2], inv_quantity_on_hand=[$3], inv_item_sk=[$1]): rowcount = 1.627857E9, cumulative cost = {0.0 rows, 0.0 cpu, 0.0 io}, id = 50520
                      HiveTableScan(table=[[default, inventory]], table:alias=[inventory]): rowcount = 1.627857E9, cumulative cost = {0}, id = 50275
                    HiveProject(d_date_sk=[$0]): rowcount = 30.59003350083752, cumulative cost = {0.0 rows, 0.0 cpu, 0.0 io}, id = 50545
                      HiveFilter(condition=[AND(=($6, 1999), =($8, 4))]): rowcount = 30.59003350083752, cumulative cost = {0.0 rows, 0.0 cpu, 0.0 io}, id = 50543
                        HiveTableScan(table=[[default, date_dim]], table:alias=[date_dim]): rowcount = 73049.0, cumulative cost = {0}, id = 50284
                  HiveProject(w_warehouse_sk=[$0], w_warehouse_name=[$2]): rowcount = 27.0, cumulative cost = {0.0 rows, 0.0 cpu, 0.0 io}, id = 50530
                    HiveTableScan(table=[[default, warehouse]], table:alias=[warehouse]): rowcount = 27.0, cumulative cost = {0}, id = 50279

