Warning: Map Join MAPJOIN[105][bigTable=?] in task 'Reducer 3' is a cross product
Warning: Map Join MAPJOIN[104][bigTable=?] in task 'Reducer 3' is a cross product
Warning: Map Join MAPJOIN[103][bigTable=?] in task 'Reducer 3' is a cross product
Warning: Map Join MAPJOIN[102][bigTable=?] in task 'Reducer 3' is a cross product
Warning: Map Join MAPJOIN[101][bigTable=?] in task 'Reducer 3' is a cross product
CBO PLAN:
HiveProject(b1_lp=[$0], b1_cnt=[$1], b1_cntd=[$2], b2_lp=[$15], b2_cnt=[$16], b2_cntd=[$17], b3_lp=[$12], b3_cnt=[$13], b3_cntd=[$14], b4_lp=[$9], b4_cnt=[$10], b4_cntd=[$11], b5_lp=[$6], b5_cnt=[$7], b5_cntd=[$8], b6_lp=[$3], b6_cnt=[$4], b6_cntd=[$5]): rowcount = 1.0, cumulative cost = {10.0 rows, 0.0 cpu, 0.0 io}, id = 33383
  HiveJoin(condition=[true], joinType=[inner], algorithm=[none], cost=[{2.0 rows, 0.0 cpu, 0.0 io}]): rowcount = 1.0, cumulative cost = {10.0 rows, 0.0 cpu, 0.0 io}, id = 33381
    HiveJoin(condition=[true], joinType=[inner], algorithm=[none], cost=[{2.0 rows, 0.0 cpu, 0.0 io}]): rowcount = 1.0, cumulative cost = {8.0 rows, 0.0 cpu, 0.0 io}, id = 33371
      HiveJoin(condition=[true], joinType=[inner], algorithm=[none], cost=[{2.0 rows, 0.0 cpu, 0.0 io}]): rowcount = 1.0, cumulative cost = {6.0 rows, 0.0 cpu, 0.0 io}, id = 33361
        HiveJoin(condition=[true], joinType=[inner], algorithm=[none], cost=[{2.0 rows, 0.0 cpu, 0.0 io}]): rowcount = 1.0, cumulative cost = {4.0 rows, 0.0 cpu, 0.0 io}, id = 33351
          HiveJoin(condition=[true], joinType=[inner], algorithm=[none], cost=[{2.0 rows, 0.0 cpu, 0.0 io}]): rowcount = 1.0, cumulative cost = {2.0 rows, 0.0 cpu, 0.0 io}, id = 33341
            HiveProject(b1_lp=[CAST(/($0, $1)):DECIMAL(11, 6)], b1_cnt=[$1], b1_cntd=[$2]): rowcount = 1.0, cumulative cost = {0.0 rows, 0.0 cpu, 0.0 io}, id = 33331
              HiveAggregate(group=[{}], agg#0=[sum($11)], agg#1=[count($11)], agg#2=[count(DISTINCT $11)]): rowcount = 1.0, cumulative cost = {0.0 rows, 0.0 cpu, 0.0 io}, id = 33511
                HiveFilter(condition=[AND(SEARCH($9, Sarg[[0..5]]), OR(SEARCH($11, Sarg[[11:DECIMAL(12, 2)..21:DECIMAL(12, 2)]]:DECIMAL(12, 2)), SEARCH($18, Sarg[[460:DECIMAL(12, 2)..1460:DECIMAL(12, 2)]]:DECIMAL(12, 2)), SEARCH($10, Sarg[[14:DECIMAL(12, 2)..34:DECIMAL(12, 2)]]:DECIMAL(12, 2))))]): rowcount = 130242.7342358557, cumulative cost = {0.0 rows, 0.0 cpu, 0.0 io}, id = 33325
                  HiveTableScan(table=[[default, store_sales]], table:alias=[store_sales]): rowcount = 8.6404891377E10, cumulative cost = {0}, id = 32928
            HiveProject(b6_lp=[CAST(/($0, $1)):DECIMAL(11, 6)], b6_cnt=[$1], b6_cntd=[$2]): rowcount = 1.0, cumulative cost = {0.0 rows, 0.0 cpu, 0.0 io}, id = 33339
              HiveAggregate(group=[{}], agg#0=[sum($11)], agg#1=[count($11)], agg#2=[count(DISTINCT $11)]): rowcount = 1.0, cumulative cost = {0.0 rows, 0.0 cpu, 0.0 io}, id = 33513
                HiveFilter(condition=[AND(SEARCH($9, Sarg[[26..30]]), OR(SEARCH($11, Sarg[[28:DECIMAL(12, 2)..38:DECIMAL(12, 2)]]:DECIMAL(12, 2)), SEARCH($18, Sarg[[2513:DECIMAL(12, 2)..3513:DECIMAL(12, 2)]]:DECIMAL(12, 2)), SEARCH($10, Sarg[[42:DECIMAL(12, 2)..62:DECIMAL(12, 2)]]:DECIMAL(12, 2))))]): rowcount = 130242.7342358557, cumulative cost = {0.0 rows, 0.0 cpu, 0.0 io}, id = 33333
                  HiveTableScan(table=[[default, store_sales]], table:alias=[store_sales]): rowcount = 8.6404891377E10, cumulative cost = {0}, id = 32928
          HiveProject(b5_lp=[CAST(/($0, $1)):DECIMAL(11, 6)], b5_cnt=[$1], b5_cntd=[$2]): rowcount = 1.0, cumulative cost = {0.0 rows, 0.0 cpu, 0.0 io}, id = 33349
            HiveAggregate(group=[{}], agg#0=[sum($11)], agg#1=[count($11)], agg#2=[count(DISTINCT $11)]): rowcount = 1.0, cumulative cost = {0.0 rows, 0.0 cpu, 0.0 io}, id = 33515
              HiveFilter(condition=[AND(SEARCH($9, Sarg[[21..25]]), OR(SEARCH($11, Sarg[[135:DECIMAL(12, 2)..145:DECIMAL(12, 2)]]:DECIMAL(12, 2)), SEARCH($18, Sarg[[14180:DECIMAL(12, 2)..15180:DECIMAL(12, 2)]]:DECIMAL(12, 2)), SEARCH($10, Sarg[[38:DECIMAL(12, 2)..58:DECIMAL(12, 2)]]:DECIMAL(12, 2))))]): rowcount = 130242.7342358557, cumulative cost = {0.0 rows, 0.0 cpu, 0.0 io}, id = 33343
                HiveTableScan(table=[[default, store_sales]], table:alias=[store_sales]): rowcount = 8.6404891377E10, cumulative cost = {0}, id = 32928
        HiveProject(b4_lp=[CAST(/($0, $1)):DECIMAL(11, 6)], b4_cnt=[$1], b4_cntd=[$2]): rowcount = 1.0, cumulative cost = {0.0 rows, 0.0 cpu, 0.0 io}, id = 33359
          HiveAggregate(group=[{}], agg#0=[sum($11)], agg#1=[count($11)], agg#2=[count(DISTINCT $11)]): rowcount = 1.0, cumulative cost = {0.0 rows, 0.0 cpu, 0.0 io}, id = 33517
            HiveFilter(condition=[AND(SEARCH($9, Sarg[[16..20]]), OR(SEARCH($11, Sarg[[142:DECIMAL(12, 2)..152:DECIMAL(12, 2)]]:DECIMAL(12, 2)), SEARCH($18, Sarg[[3054:DECIMAL(12, 2)..4054:DECIMAL(12, 2)]]:DECIMAL(12, 2)), SEARCH($10, Sarg[[80:DECIMAL(12, 2)..100:DECIMAL(12, 2)]]:DECIMAL(12, 2))))]): rowcount = 130242.7342358557, cumulative cost = {0.0 rows, 0.0 cpu, 0.0 io}, id = 33353
              HiveTableScan(table=[[default, store_sales]], table:alias=[store_sales]): rowcount = 8.6404891377E10, cumulative cost = {0}, id = 32928
      HiveProject(b3_lp=[CAST(/($0, $1)):DECIMAL(11, 6)], b3_cnt=[$1], b3_cntd=[$2]): rowcount = 1.0, cumulative cost = {0.0 rows, 0.0 cpu, 0.0 io}, id = 33369
        HiveAggregate(group=[{}], agg#0=[sum($11)], agg#1=[count($11)], agg#2=[count(DISTINCT $11)]): rowcount = 1.0, cumulative cost = {0.0 rows, 0.0 cpu, 0.0 io}, id = 33519
          HiveFilter(condition=[AND(SEARCH($9, Sarg[[11..15]]), OR(SEARCH($11, Sarg[[66:DECIMAL(12, 2)..76:DECIMAL(12, 2)]]:DECIMAL(12, 2)), SEARCH($18, Sarg[[920:DECIMAL(12, 2)..1920:DECIMAL(12, 2)]]:DECIMAL(12, 2)), SEARCH($10, Sarg[[4:DECIMAL(12, 2)..24:DECIMAL(12, 2)]]:DECIMAL(12, 2))))]): rowcount = 130242.7342358557, cumulative cost = {0.0 rows, 0.0 cpu, 0.0 io}, id = 33363
            HiveTableScan(table=[[default, store_sales]], table:alias=[store_sales]): rowcount = 8.6404891377E10, cumulative cost = {0}, id = 32928
    HiveProject(b2_lp=[CAST(/($0, $1)):DECIMAL(11, 6)], b2_cnt=[$1], b2_cntd=[$2]): rowcount = 1.0, cumulative cost = {0.0 rows, 0.0 cpu, 0.0 io}, id = 33379
      HiveAggregate(group=[{}], agg#0=[sum($11)], agg#1=[count($11)], agg#2=[count(DISTINCT $11)]): rowcount = 1.0, cumulative cost = {0.0 rows, 0.0 cpu, 0.0 io}, id = 33521
        HiveFilter(condition=[AND(SEARCH($9, Sarg[[6..10]]), OR(SEARCH($11, Sarg[[91:DECIMAL(12, 2)..101:DECIMAL(12, 2)]]:DECIMAL(12, 2)), SEARCH($18, Sarg[[1430:DECIMAL(12, 2)..2430:DECIMAL(12, 2)]]:DECIMAL(12, 2)), SEARCH($10, Sarg[[32:DECIMAL(12, 2)..52:DECIMAL(12, 2)]]:DECIMAL(12, 2))))]): rowcount = 130242.7342358557, cumulative cost = {0.0 rows, 0.0 cpu, 0.0 io}, id = 33373
          HiveTableScan(table=[[default, store_sales]], table:alias=[store_sales]): rowcount = 8.6404891377E10, cumulative cost = {0}, id = 32928

