CBO PLAN:
HiveSortLimit(sort0=[$2], sort1=[$1], sort2=[$0], dir0=[ASC], dir1=[ASC], dir2=[ASC], fetch=[100]): rowcount = 1.0, cumulative cost = {8.056941505524612E10 rows, 0.0 cpu, 0.0 io}, id = 69082
  HiveProject((tok_table_or_col i_manufact_id)=[$0], (tok_function sum (tok_table_or_col ss_sales_price))=[$1], avg_window_0=[$2]): rowcount = 1.0, cumulative cost = {8.056941505524612E10 rows, 0.0 cpu, 0.0 io}, id = 69083
    HiveFilter(condition=[CASE(>($2, 0:DECIMAL(1, 0)), >(/(ABS(-($1, $2)), $2), 0.1:DECIMAL(1, 1)), false)]): rowcount = 1.0, cumulative cost = {8.056941505524612E10 rows, 0.0 cpu, 0.0 io}, id = 69081
      HiveProject((tok_table_or_col i_manufact_id)=[$0], (tok_function sum (tok_table_or_col ss_sales_price))=[$2], avg_window_0=[avg($2) OVER (PARTITION BY $0 ORDER BY $0 NULLS FIRST RANGE BETWEEN UNBOUNDED PRECEDING AND UNBOUNDED FOLLOWING)]): rowcount = 69.00678781273643, cumulative cost = {8.056941505524612E10 rows, 0.0 cpu, 0.0 io}, id = 69080
        HiveProject(i_manufact_id=[$0], d_qoy=[$1], $f2=[$2]): rowcount = 69.00678781273643, cumulative cost = {8.056941505524612E10 rows, 0.0 cpu, 0.0 io}, id = 69084
          HiveAggregate(group=[{4, 6}], agg#0=[sum($1)]): rowcount = 69.00678781273643, cumulative cost = {8.056941505524612E10 rows, 0.0 cpu, 0.0 io}, id = 69079
            HiveJoin(condition=[=($2, $5)], joinType=[inner], algorithm=[none], cost=[{174422.24612976363 rows, 0.0 cpu, 0.0 io}]): rowcount = 71.50155626906917, cumulative cost = {8.056941505524612E10 rows, 0.0 cpu, 0.0 io}, id = 69078
              HiveJoin(condition=[=($0, $3)], joinType=[inner], algorithm=[none], cost=[{8.0569240633E10 rows, 0.0 cpu, 0.0 io}]): rowcount = 174392.29574025972, cumulative cost = {8.0569240633E10 rows, 0.0 cpu, 0.0 io}, id = 69077
                HiveProject(ss_item_sk=[$1], ss_sales_price=[$12], ss_sold_date_sk=[$22]): rowcount = 8.0569240632E10, cumulative cost = {0.0 rows, 0.0 cpu, 0.0 io}, id = 69073
                  HiveFilter(condition=[AND(IS NOT NULL($6), IS NOT NULL($22))]): rowcount = 8.0569240632E10, cumulative cost = {0.0 rows, 0.0 cpu, 0.0 io}, id = 69072
                    HiveTableScan(table=[[default, store_sales]], table:alias=[store_sales]): rowcount = 8.2510879939E10, cumulative cost = {0}, id = 68810
                HiveProject(i_item_sk=[$0], i_manufact_id=[$13]): rowcount = 1.0, cumulative cost = {0.0 rows, 0.0 cpu, 0.0 io}, id = 69076
                  HiveFilter(condition=[AND(SEARCH($12, Sarg[_UTF-16LE'Books                                             ', _UTF-16LE'Children                                          ', _UTF-16LE'Electronics                                       ', _UTF-16LE'Men                                               ', _UTF-16LE'Music                                             ', _UTF-16LE'Women                                             ']:CHAR(50) CHARACTER SET "UTF-16LE"), SEARCH($10, Sarg[_UTF-16LE'accessories                                       ', _UTF-16LE'classical                                         ', _UTF-16LE'fragrances                                        ', _UTF-16LE'pants                                             ', _UTF-16LE'personal                                          ', _UTF-16LE'portable                                          ', _UTF-16LE'reference                                         ', _UTF-16LE'self-help                                         ']:CHAR(50) CHARACTER SET "UTF-16LE"), SEARCH($8, Sarg[_UTF-16LE'amalgimporto #1                                   ', _UTF-16LE'edu packscholar #1                                ', _UTF-16LE'exportiimporto #1                                 ', _UTF-16LE'exportiunivamalg #9                               ', _UTF-16LE'importoamalg #1                                   ', _UTF-16LE'scholaramalgamalg #14                             ', _UTF-16LE'scholaramalgamalg #7                              ', _UTF-16LE'scholaramalgamalg #9                              ']:CHAR(50) CHARACTER SET "UTF-16LE"), OR(AND(SEARCH($12, Sarg[_UTF-16LE'Books                                             ', _UTF-16LE'Children                                          ', _UTF-16LE'Electronics                                       ']:CHAR(50) CHARACTER SET "UTF-16LE"), SEARCH($10, Sarg[_UTF-16LE'personal                                          ', _UTF-16LE'portable                                          ', _UTF-16LE'reference                                         ', _UTF-16LE'self-help                                         ']:CHAR(50) CHARACTER SET "UTF-16LE"), SEARCH($8, Sarg[_UTF-16LE'exportiunivamalg #9                               ', _UTF-16LE'scholaramalgamalg #14                             ', _UTF-16LE'scholaramalgamalg #7                              ', _UTF-16LE'scholaramalgamalg #9                              ']:CHAR(50) CHARACTER SET "UTF-16LE")), AND(SEARCH($12, Sarg[_UTF-16LE'Men                                               ', _UTF-16LE'Music                                             ', _UTF-16LE'Women                                             ']:CHAR(50) CHARACTER SET "UTF-16LE"), SEARCH($10, Sarg[_UTF-16LE'accessories                                       ', _UTF-16LE'classical                                         ', _UTF-16LE'fragrances                                        ', _UTF-16LE'pants                                             ']:CHAR(50) CHARACTER SET "UTF-16LE"), SEARCH($8, Sarg[_UTF-16LE'amalgimporto #1                                   ', _UTF-16LE'edu packscholar #1                                ', _UTF-16LE'exportiimporto #1                                 ', _UTF-16LE'importoamalg #1                                   ']:CHAR(50) CHARACTER SET "UTF-16LE"))))]): rowcount = 1.0, cumulative cost = {0.0 rows, 0.0 cpu, 0.0 io}, id = 69075
                    HiveTableScan(table=[[default, item]], table:alias=[item]): rowcount = 462000.0, cumulative cost = {0}, id = 68806
              HiveProject(d_date_sk=[$0], d_qoy=[$10]): rowcount = 29.95038950389504, cumulative cost = {0.0 rows, 0.0 cpu, 0.0 io}, id = 68964
                HiveFilter(condition=[SEARCH($3, Sarg[1212, 1213, 1214, 1215, 1216, 1217, 1218, 1219, 1220, 1221, 1222, 1223])]): rowcount = 29.95038950389504, cumulative cost = {0.0 rows, 0.0 cpu, 0.0 io}, id = 68962
                  HiveTableScan(table=[[default, date_dim]], table:alias=[date_dim]): rowcount = 73049.0, cumulative cost = {0}, id = 68816

