CBO PLAN:
HiveProject(call_center=[$0], call_center_name=[$1], manager=[$2], returns_loss=[$3]): rowcount = 60.0, cumulative cost = {4.1547210098973126E9 rows, 0.0 cpu, 0.0 io}, id = 150294
  HiveSortLimit(sort0=[$4], dir0=[DESC]): rowcount = 60.0, cumulative cost = {4.1547210098973126E9 rows, 0.0 cpu, 0.0 io}, id = 150293
    HiveProject(call_center=[$2], call_center_name=[$3], manager=[$4], returns_loss=[$5], (tok_function sum (tok_table_or_col cr_net_loss))=[$5]): rowcount = 60.0, cumulative cost = {4.1547210098973126E9 rows, 0.0 cpu, 0.0 io}, id = 150292
      HiveAggregate(group=[{11, 12, 15, 16, 17}], agg#0=[sum($2)]): rowcount = 60.0, cumulative cost = {4.1547210098973126E9 rows, 0.0 cpu, 0.0 io}, id = 150291
        HiveJoin(condition=[=($1, $14)], joinType=[inner], algorithm=[none], cost=[{1738408.6800601478 rows, 0.0 cpu, 0.0 io}]): rowcount = 1.00000000000006E15, cumulative cost = {4.1547210098973126E9 rows, 0.0 cpu, 0.0 io}, id = 150290
          HiveJoin(condition=[=($0, $6)], joinType=[inner], algorithm=[none], cost=[{1805922.6435859492 rows, 0.0 cpu, 0.0 io}]): rowcount = 1738348.6800601478, cumulative cost = {4.1529826012172527E9 rows, 0.0 cpu, 0.0 io}, id = 150289
            HiveJoin(condition=[=($3, $4)], joinType=[inner], algorithm=[none], cost=[{4.1511766785736666E9 rows, 0.0 cpu, 0.0 io}]): rowcount = 1738348.6800601478, cumulative cost = {4.1511766785736666E9 rows, 0.0 cpu, 0.0 io}, id = 150282
              HiveProject(cr_returning_customer_sk=[$6], cr_call_center_sk=[$10], cr_net_loss=[$25], cr_returned_date_sk=[$26]): rowcount = 4.151176647983633E9, cumulative cost = {0.0 rows, 0.0 cpu, 0.0 io}, id = 150281
                HiveFilter(condition=[AND(IS NOT NULL($10), IS NOT NULL($6), IS NOT NULL($26))]): rowcount = 4.151176647983633E9, cumulative cost = {0.0 rows, 0.0 cpu, 0.0 io}, id = 150280
                  HiveTableScan(table=[[default, catalog_returns]], table:alias=[catalog_returns]): rowcount = 4.320980099E9, cumulative cost = {0}, id = 149593
              HiveProject(d_date_sk=[$0]): rowcount = 30.59003350083752, cumulative cost = {0.0 rows, 0.0 cpu, 0.0 io}, id = 150056
                HiveFilter(condition=[AND(=($6, 1999), =($8, 11))]): rowcount = 30.59003350083752, cumulative cost = {0.0 rows, 0.0 cpu, 0.0 io}, id = 150054
                  HiveTableScan(table=[[default, date_dim]], table:alias=[date_dim]): rowcount = 73049.0, cumulative cost = {0}, id = 149598
            HiveProject(ca_address_sk=[$0], c_customer_sk=[$1], c_current_cdemo_sk=[$2], c_current_hdemo_sk=[$3], c_current_addr_sk=[$4], cd_demo_sk=[$5], cd_marital_status=[$6], cd_education_status=[$7], hd_demo_sk=[$8]): rowcount = 67573.96352580152, cumulative cost = {8.406898792194653E7 rows, 0.0 cpu, 0.0 io}, id = 150295
              HiveJoin(condition=[=($8, $3)], joinType=[inner], algorithm=[none], cost=[{406643.7811548091 rows, 0.0 cpu, 0.0 io}]): rowcount = 67573.96352580152, cumulative cost = {8.406898792194653E7 rows, 0.0 cpu, 0.0 io}, id = 150288
                HiveJoin(condition=[=($0, $4)], joinType=[inner], algorithm=[none], cost=[{9099329.353595521 rows, 0.0 cpu, 0.0 io}]): rowcount = 405443.7811548091, cumulative cost = {8.366234414079171E7 rows, 0.0 cpu, 0.0 io}, id = 150287
                  HiveProject(ca_address_sk=[$0]): rowcount = 6666666.666666666, cumulative cost = {0.0 rows, 0.0 cpu, 0.0 io}, id = 150063
                    HiveFilter(condition=[=($11, -7:DECIMAL(1, 0))]): rowcount = 6666666.666666666, cumulative cost = {0.0 rows, 0.0 cpu, 0.0 io}, id = 150061
                      HiveTableScan(table=[[default, customer_address]], table:alias=[customer_address]): rowcount = 4.0E7, cumulative cost = {0}, id = 149609
                  HiveJoin(condition=[=($4, $1)], joinType=[inner], algorithm=[none], cost=[{7.456301478719619E7 rows, 0.0 cpu, 0.0 io}]): rowcount = 2432662.686928855, cumulative cost = {7.456301478719619E7 rows, 0.0 cpu, 0.0 io}, id = 150286
                    HiveProject(c_customer_sk=[$0], c_current_cdemo_sk=[$2], c_current_hdemo_sk=[$3], c_current_addr_sk=[$4]): rowcount = 7.450029478719619E7, cumulative cost = {0.0 rows, 0.0 cpu, 0.0 io}, id = 150285
                      HiveFilter(condition=[AND(IS NOT NULL($3), IS NOT NULL($2), IS NOT NULL($4))]): rowcount = 7.450029478719619E7, cumulative cost = {0.0 rows, 0.0 cpu, 0.0 io}, id = 150284
                        HiveTableScan(table=[[default, customer]], table:alias=[customer]): rowcount = 8.0E7, cumulative cost = {0}, id = 149604
                    HiveProject(cd_demo_sk=[$0], cd_marital_status=[$2], cd_education_status=[$3]): rowcount = 62719.99999999999, cumulative cost = {0.0 rows, 0.0 cpu, 0.0 io}, id = 150073
                      HiveFilter(condition=[AND(SEARCH($2, Sarg[_UTF-16LE'M', _UTF-16LE'W']:CHAR(1) CHARACTER SET "UTF-16LE"), SEARCH($3, Sarg[_UTF-16LE'Advanced Degree     ', _UTF-16LE'Unknown             ']:CHAR(20) CHARACTER SET "UTF-16LE"), SEARCH(ROW($2, $3), Sarg[[_UTF-16LE'M':CHAR(1) CHARACTER SET "UTF-16LE", _UTF-16LE'Unknown             ':CHAR(20) CHARACTER SET "UTF-16LE"]:RecordType(CHAR(1) CHARACTER SET "UTF-16LE" NOT NULL EXPR$0, CHAR(20) CHARACTER SET "UTF-16LE" NOT NULL EXPR$1), [_UTF-16LE'W':CHAR(1) CHARACTER SET "UTF-16LE", _UTF-16LE'Advanced Degree     ':CHAR(20) CHARACTER SET "UTF-16LE"]:RecordType(CHAR(1) CHARACTER SET "UTF-16LE" NOT NULL EXPR$0, CHAR(20) CHARACTER SET "UTF-16LE" NOT NULL EXPR$1)]:RecordType(CHAR(1) CHARACTER SET "UTF-16LE" NOT NULL EXPR$0, CHAR(20) CHARACTER SET "UTF-16LE" NOT NULL EXPR$1)))]): rowcount = 62719.99999999999, cumulative cost = {0.0 rows, 0.0 cpu, 0.0 io}, id = 150071
                        HiveTableScan(table=[[default, customer_demographics]], table:alias=[customer_demographics]): rowcount = 1920800.0, cumulative cost = {0}, id = 149615
                HiveProject(hd_demo_sk=[$0]): rowcount = 1200.0, cumulative cost = {0.0 rows, 0.0 cpu, 0.0 io}, id = 150082
                  HiveFilter(condition=[LIKE($2, _UTF-16LE'0-500%':VARCHAR(2147483647) CHARACTER SET "UTF-16LE")]): rowcount = 1200.0, cumulative cost = {0.0 rows, 0.0 cpu, 0.0 io}, id = 150080
                    HiveTableScan(table=[[default, household_demographics]], table:alias=[household_demographics]): rowcount = 7200.0, cumulative cost = {0}, id = 149620
          HiveProject(cc_call_center_sk=[$0], cc_call_center_id=[$1], cc_name=[$6], cc_manager=[$11]): rowcount = 60.0, cumulative cost = {0.0 rows, 0.0 cpu, 0.0 io}, id = 150089
            HiveTableScan(table=[[default, call_center]], table:alias=[call_center]): rowcount = 60.0, cumulative cost = {0}, id = 149590

