CTE Suggestion:
HiveProject(cs_item_sk=[$14], cs_order_number=[$16], cs_quantity=[$17], cs_ext_sales_price=[$22], cs_sold_date_sk=[$33])
  HiveFilter(condition=[IS NOT NULL($33)])
    HiveTableScan(table=[[default, catalog_sales]], table:alias=[catalog_sales])

CTE Suggestion:
HiveProject(d_date_sk=[$0])
  HiveFilter(condition=[=($6, 2001)])
    HiveTableScan(table=[[default, date_dim]], table:alias=[date_dim])

CTE Suggestion:
HiveProject(d_date_sk=[$0])
  HiveFilter(condition=[=($6, 2002)])
    HiveTableScan(table=[[default, date_dim]], table:alias=[date_dim])

CTE Suggestion:
HiveProject(i_item_sk=[$0], i_brand_id=[$7], i_class_id=[$9], i_category_id=[$11], i_manufact_id=[$13])
  HiveFilter(condition=[AND(=($12, _UTF-16LE'Sports                                            '), IS NOT NULL($7), IS NOT NULL($9), IS NOT NULL($11), IS NOT NULL($13))])
    HiveTableScan(table=[[default, item]], table:alias=[item])

CTE Suggestion:
HiveProject(ss_item_sk=[$1], ss_ticket_number=[$8], ss_quantity=[$9], ss_ext_sales_price=[$14], ss_sold_date_sk=[$22])
  HiveFilter(condition=[IS NOT NULL($22)])
    HiveTableScan(table=[[default, store_sales]], table:alias=[store_sales])

CTE Suggestion:
HiveProject(ws_item_sk=[$2], ws_order_number=[$16], ws_quantity=[$17], ws_ext_sales_price=[$22], ws_sold_date_sk=[$33])
  HiveFilter(condition=[IS NOT NULL($33)])
    HiveTableScan(table=[[default, web_sales]], table:alias=[web_sales])

CBO PLAN:
HiveProject(prev_year=[CAST(2001):INTEGER], year=[CAST(2002):INTEGER], i_brand_id=[$0], i_class_id=[$1], i_category_id=[$2], i_manufact_id=[$3], prev_yr_cnt=[$4], curr_yr_cnt=[$5], sales_cnt_diff=[$6], sales_amt_diff=[$7]): rowcount = 100.0, cumulative cost = {1.630344743098629E11 rows, 0.0 cpu, 0.0 io}, id = 118389
  HiveSortLimit(sort0=[$6], dir0=[ASC], fetch=[100]): rowcount = 100.0, cumulative cost = {1.630344743098629E11 rows, 0.0 cpu, 0.0 io}, id = 118388
    HiveProject(i_brand_id=[$0], i_class_id=[$1], i_category_id=[$2], i_manufact_id=[$3], prev_yr_cnt=[$10], curr_yr_cnt=[$4], sales_cnt_diff=[-($4, $10)], sales_amt_diff=[-($5, $11)]): rowcount = 6.487659571626998E8, cumulative cost = {1.630344743098629E11 rows, 0.0 cpu, 0.0 io}, id = 118387
      HiveJoin(condition=[AND(=($0, $6), =($1, $7), =($2, $8), =($3, $9), <(/(CAST($4):DECIMAL(17, 2), CAST($10):DECIMAL(17, 2)), 0.9:DECIMAL(1, 1)))], joinType=[inner], algorithm=[none], cost=[{2771999.9993930403 rows, 0.0 cpu, 0.0 io}]): rowcount = 6.487659571626998E8, cumulative cost = {1.630344743098629E11 rows, 0.0 cpu, 0.0 io}, id = 118386
        HiveProject(i_brand_id=[$0], i_class_id=[$1], i_category_id=[$2], i_manufact_id=[$3], $f4=[$4], $f5=[$5]): rowcount = 1385999.9996965202, cumulative cost = {1.6303170230986353E11 rows, 0.0 cpu, 0.0 io}, id = 118390
          HiveAggregate(group=[{0, 1, 2, 3}], agg#0=[sum($4)], agg#1=[sum($5)]): rowcount = 1385999.9996965202, cumulative cost = {1.6303170230986353E11 rows, 0.0 cpu, 0.0 io}, id = 118362
            HiveProject(i_brand_id=[$0], i_class_id=[$1], i_category_id=[$2], i_manufact_id=[$3], sales_cnt=[$4], sales_amt=[$5]): rowcount = 1.7691642918892932E8, cumulative cost = {1.6303170230986353E11 rows, 0.0 cpu, 0.0 io}, id = 118391
              HiveAggregate(group=[{0, 1, 2, 3, 4, 5}]): rowcount = 1.7691642918892932E8, cumulative cost = {1.6303170230986353E11 rows, 0.0 cpu, 0.0 io}, id = 118361
                HiveProject(i_brand_id=[$0], i_class_id=[$1], i_category_id=[$2], i_manufact_id=[$3], sales_cnt=[$4], sales_amt=[$5]): rowcount = 1.7691642918892932E8, cumulative cost = {1.6303170230986353E11 rows, 0.0 cpu, 0.0 io}, id = 118392
                  HiveUnion(all=[true]): rowcount = 1.7691642918892932E8, cumulative cost = {1.6303170230986353E11 rows, 0.0 cpu, 0.0 io}, id = 118360
                    HiveProject(i_brand_id=[$0], i_class_id=[$1], i_category_id=[$2], i_manufact_id=[$3], sales_cnt=[$4], sales_amt=[$5]): rowcount = 1.511286057181342E8, cumulative cost = {1.391587304992065E11 rows, 0.0 cpu, 0.0 io}, id = 118393
                      HiveAggregate(group=[{0, 1, 2, 3, 4, 5}]): rowcount = 1.511286057181342E8, cumulative cost = {1.391587304992065E11 rows, 0.0 cpu, 0.0 io}, id = 118353
                        HiveProject(i_brand_id=[$0], i_class_id=[$1], i_category_id=[$2], i_manufact_id=[$3], sales_cnt=[$4], sales_amt=[$5]): rowcount = 1.5113002638867596E8, cumulative cost = {1.391587304992065E11 rows, 0.0 cpu, 0.0 io}, id = 118394
                          HiveUnion(all=[true]): rowcount = 1.5113002638867596E8, cumulative cost = {1.391587304992065E11 rows, 0.0 cpu, 0.0 io}, id = 118352
                            HiveProject(i_brand_id=[$11], i_class_id=[$12], i_category_id=[$13], i_manufact_id=[$14], sales_cnt=[-($6, CASE(IS NOT NULL($2), $2, 0))], sales_amt=[-($7, CASE(IS NOT NULL($3), $3, 0:DECIMAL(1, 0)))]): rowcount = 5.079856759958756E7, cumulative cost = {4.756169043360299E10 rows, 0.0 cpu, 0.0 io}, id = 118345
                              HiveJoin(condition=[AND(=($5, $1), =($4, $0))], joinType=[right], algorithm=[none], cost=[{4.340433378041138E9 rows, 0.0 cpu, 0.0 io}]): rowcount = 5.079856759958756E7, cumulative cost = {4.756169043360299E10 rows, 0.0 cpu, 0.0 io}, id = 118344
                                HiveProject(cr_item_sk=[$1], cr_order_number=[$15], cr_return_quantity=[$16], cr_return_amount=[$17]): rowcount = 4.320980099E9, cumulative cost = {0.0 rows, 0.0 cpu, 0.0 io}, id = 117109
                                  HiveTableScan(table=[[default, catalog_returns]], table:alias=[catalog_returns]): rowcount = 4.320980099E9, cumulative cost = {0}, id = 116101
                                HiveJoin(condition=[=($6, $0)], joinType=[inner], algorithm=[none], cost=[{2.161476634814535E8 rows, 0.0 cpu, 0.0 io}]): rowcount = 1.94532790411378E7, cumulative cost = {4.322125705556185E10 rows, 0.0 cpu, 0.0 io}, id = 118343
                                  HiveJoin(condition=[=($5, $4)], joinType=[inner], algorithm=[none], cost=[{4.30051093920804E10 rows, 0.0 cpu, 0.0 io}]): rowcount = 2.1610607550251257E8, cumulative cost = {4.30051093920804E10 rows, 0.0 cpu, 0.0 io}, id = 117121
                                    HiveProject(cs_item_sk=[$14], cs_order_number=[$16], cs_quantity=[$17], cs_ext_sales_price=[$22], cs_sold_date_sk=[$33]): rowcount = 4.3005109025E10, cumulative cost = {0.0 rows, 0.0 cpu, 0.0 io}, id = 117114
                                      HiveFilter(condition=[IS NOT NULL($33)]): rowcount = 4.3005109025E10, cumulative cost = {0.0 rows, 0.0 cpu, 0.0 io}, id = 117112
                                        HiveTableScan(table=[[default, catalog_sales]], table:alias=[catalog_sales]): rowcount = 4.3005109025E10, cumulative cost = {0}, id = 116086
                                    HiveProject(d_date_sk=[$0]): rowcount = 367.08040201005025, cumulative cost = {0.0 rows, 0.0 cpu, 0.0 io}, id = 117119
                                      HiveFilter(condition=[=($6, 2002)]): rowcount = 367.08040201005025, cumulative cost = {0.0 rows, 0.0 cpu, 0.0 io}, id = 117117
                                        HiveTableScan(table=[[default, date_dim]], table:alias=[date_dim]): rowcount = 73049.0, cumulative cost = {0}, id = 116095
                                  HiveProject(i_item_sk=[$0], i_brand_id=[$7], i_class_id=[$9], i_category_id=[$11], i_manufact_id=[$13]): rowcount = 41587.978940930654, cumulative cost = {0.0 rows, 0.0 cpu, 0.0 io}, id = 118342
                                    HiveFilter(condition=[AND(=($12, _UTF-16LE'Sports                                            '), IS NOT NULL($13), IS NOT NULL($11), IS NOT NULL($7), IS NOT NULL($9))]): rowcount = 41587.978940930654, cumulative cost = {0.0 rows, 0.0 cpu, 0.0 io}, id = 118341
                                      HiveTableScan(table=[[default, item]], table:alias=[item]): rowcount = 462000.0, cumulative cost = {0}, id = 116089
                            HiveProject(i_brand_id=[$11], i_class_id=[$12], i_category_id=[$13], i_manufact_id=[$14], sales_cnt=[-($6, CASE(IS NOT NULL($2), $2, 0))], sales_amt=[-($7, CASE(IS NOT NULL($3), $3, 0:DECIMAL(1, 0)))]): rowcount = 1.003314587890884E8, cumulative cost = {9.159704006560352E10 rows, 0.0 cpu, 0.0 io}, id = 118351
                              HiveJoin(condition=[AND(=($5, $1), =($4, $0))], joinType=[right], algorithm=[none], cost=[{8.67149063416227E9 rows, 0.0 cpu, 0.0 io}]): rowcount = 1.003314587890884E8, cumulative cost = {9.159704006560352E10 rows, 0.0 cpu, 0.0 io}, id = 118350
                                HiveProject(sr_item_sk=[$1], sr_ticket_number=[$8], sr_return_quantity=[$9], sr_return_amt=[$10]): rowcount = 8.634166995E9, cumulative cost = {0.0 rows, 0.0 cpu, 0.0 io}, id = 117137
                                  HiveTableScan(table=[[default, store_returns]], table:alias=[store_returns]): rowcount = 8.634166995E9, cumulative cost = {0}, id = 116122
                                HiveJoin(condition=[=($6, $0)], joinType=[inner], algorithm=[none], cost=[{4.1466912536085045E8 rows, 0.0 cpu, 0.0 io}]): rowcount = 3.7323639162270114E7, cumulative cost = {8.292554943144125E10 rows, 0.0 cpu, 0.0 io}, id = 118349
                                  HiveJoin(condition=[=($5, $4)], joinType=[inner], algorithm=[none], cost=[{8.25108803060804E10 rows, 0.0 cpu, 0.0 io}]): rowcount = 4.1462753738190955E8, cumulative cost = {8.25108803060804E10 rows, 0.0 cpu, 0.0 io}, id = 117146
                                    HiveProject(ss_item_sk=[$1], ss_ticket_number=[$8], ss_quantity=[$9], ss_ext_sales_price=[$14], ss_sold_date_sk=[$22]): rowcount = 8.2510879939E10, cumulative cost = {0.0 rows, 0.0 cpu, 0.0 io}, id = 117142
                                      HiveFilter(condition=[IS NOT NULL($22)]): rowcount = 8.2510879939E10, cumulative cost = {0.0 rows, 0.0 cpu, 0.0 io}, id = 117140
                                        HiveTableScan(table=[[default, store_sales]], table:alias=[store_sales]): rowcount = 8.2510879939E10, cumulative cost = {0}, id = 116107
                                    HiveProject(d_date_sk=[$0]): rowcount = 367.08040201005025, cumulative cost = {0.0 rows, 0.0 cpu, 0.0 io}, id = 117119
                                      HiveFilter(condition=[=($6, 2002)]): rowcount = 367.08040201005025, cumulative cost = {0.0 rows, 0.0 cpu, 0.0 io}, id = 117117
                                        HiveTableScan(table=[[default, date_dim]], table:alias=[date_dim]): rowcount = 73049.0, cumulative cost = {0}, id = 116095
                                  HiveProject(i_item_sk=[$0], i_brand_id=[$7], i_class_id=[$9], i_category_id=[$11], i_manufact_id=[$13]): rowcount = 41587.978940930654, cumulative cost = {0.0 rows, 0.0 cpu, 0.0 io}, id = 118348
                                    HiveFilter(condition=[AND(=($12, _UTF-16LE'Sports                                            '), IS NOT NULL($13), IS NOT NULL($11), IS NOT NULL($7), IS NOT NULL($9))]): rowcount = 41587.978940930654, cumulative cost = {0.0 rows, 0.0 cpu, 0.0 io}, id = 118347
                                      HiveTableScan(table=[[default, item]], table:alias=[item]): rowcount = 462000.0, cumulative cost = {0}, id = 116089
                    HiveProject(i_brand_id=[$11], i_class_id=[$12], i_category_id=[$13], i_manufact_id=[$14], sales_cnt=[-($6, CASE(IS NOT NULL($2), $2, 0))], sales_amt=[-($7, CASE(IS NOT NULL($3), $3, 0:DECIMAL(1, 0)))]): rowcount = 2.5787823470795117E7, cumulative cost = {2.387297181065702E10 rows, 0.0 cpu, 0.0 io}, id = 118359
                      HiveJoin(condition=[AND(=($5, $1), =($4, $0))], joinType=[right], algorithm=[none], cost=[{2.1697756385122504E9 rows, 0.0 cpu, 0.0 io}]): rowcount = 2.5787823470795117E7, cumulative cost = {2.387297181065702E10 rows, 0.0 cpu, 0.0 io}, id = 118358
                        HiveProject(wr_item_sk=[$1], wr_order_number=[$12], wr_return_quantity=[$13], wr_return_amt=[$14]): rowcount = 2.160007345E9, cumulative cost = {0.0 rows, 0.0 cpu, 0.0 io}, id = 117163
                          HiveTableScan(table=[[default, web_returns]], table:alias=[web_returns]): rowcount = 2.160007345E9, cumulative cost = {0}, id = 116145
                        HiveJoin(condition=[=($6, $0)], joinType=[inner], algorithm=[none], cost=[{1.0855735906436807E8 rows, 0.0 cpu, 0.0 io}]): rowcount = 9768293.512250206, cumulative cost = {2.170319617214477E10 rows, 0.0 cpu, 0.0 io}, id = 118357
                          HiveJoin(condition=[=($5, $4)], joinType=[inner], algorithm=[none], cost=[{2.1594638813080402E10 rows, 0.0 cpu, 0.0 io}]): rowcount = 1.0851577108542714E8, cumulative cost = {2.1594638813080402E10 rows, 0.0 cpu, 0.0 io}, id = 117172
                            HiveProject(ws_item_sk=[$2], ws_order_number=[$16], ws_quantity=[$17], ws_ext_sales_price=[$22], ws_sold_date_sk=[$33]): rowcount = 2.1594638446E10, cumulative cost = {0.0 rows, 0.0 cpu, 0.0 io}, id = 117168
                              HiveFilter(condition=[IS NOT NULL($33)]): rowcount = 2.1594638446E10, cumulative cost = {0.0 rows, 0.0 cpu, 0.0 io}, id = 117166
                                HiveTableScan(table=[[default, web_sales]], table:alias=[web_sales]): rowcount = 2.1594638446E10, cumulative cost = {0}, id = 116130
                            HiveProject(d_date_sk=[$0]): rowcount = 367.08040201005025, cumulative cost = {0.0 rows, 0.0 cpu, 0.0 io}, id = 117119
                              HiveFilter(condition=[=($6, 2002)]): rowcount = 367.08040201005025, cumulative cost = {0.0 rows, 0.0 cpu, 0.0 io}, id = 117117
                                HiveTableScan(table=[[default, date_dim]], table:alias=[date_dim]): rowcount = 73049.0, cumulative cost = {0}, id = 116095
                          HiveProject(i_item_sk=[$0], i_brand_id=[$7], i_class_id=[$9], i_category_id=[$11], i_manufact_id=[$13]): rowcount = 41587.978940930654, cumulative cost = {0.0 rows, 0.0 cpu, 0.0 io}, id = 118356
                            HiveFilter(condition=[AND(=($12, _UTF-16LE'Sports                                            '), IS NOT NULL($13), IS NOT NULL($11), IS NOT NULL($7), IS NOT NULL($9))]): rowcount = 41587.978940930654, cumulative cost = {0.0 rows, 0.0 cpu, 0.0 io}, id = 118355
                              HiveTableScan(table=[[default, item]], table:alias=[item]): rowcount = 462000.0, cumulative cost = {0}, id = 116089
        HiveProject(i_brand_id=[$0], i_class_id=[$1], i_category_id=[$2], i_manufact_id=[$3], $f4=[$4], $f5=[$5]): rowcount = 1385999.9996965202, cumulative cost = {1.6303170230986353E11 rows, 0.0 cpu, 0.0 io}, id = 118395
          HiveAggregate(group=[{0, 1, 2, 3}], agg#0=[sum($4)], agg#1=[sum($5)]): rowcount = 1385999.9996965202, cumulative cost = {1.6303170230986353E11 rows, 0.0 cpu, 0.0 io}, id = 118385
            HiveProject(i_brand_id=[$0], i_class_id=[$1], i_category_id=[$2], i_manufact_id=[$3], sales_cnt=[$4], sales_amt=[$5]): rowcount = 1.7691642918892932E8, cumulative cost = {1.6303170230986353E11 rows, 0.0 cpu, 0.0 io}, id = 118396
              HiveAggregate(group=[{0, 1, 2, 3, 4, 5}]): rowcount = 1.7691642918892932E8, cumulative cost = {1.6303170230986353E11 rows, 0.0 cpu, 0.0 io}, id = 118384
                HiveProject(i_brand_id=[$0], i_class_id=[$1], i_category_id=[$2], i_manufact_id=[$3], sales_cnt=[$4], sales_amt=[$5]): rowcount = 1.7691642918892932E8, cumulative cost = {1.6303170230986353E11 rows, 0.0 cpu, 0.0 io}, id = 118397
                  HiveUnion(all=[true]): rowcount = 1.7691642918892932E8, cumulative cost = {1.6303170230986353E11 rows, 0.0 cpu, 0.0 io}, id = 118383
                    HiveProject(i_brand_id=[$0], i_class_id=[$1], i_category_id=[$2], i_manufact_id=[$3], sales_cnt=[$4], sales_amt=[$5]): rowcount = 1.511286057181342E8, cumulative cost = {1.391587304992065E11 rows, 0.0 cpu, 0.0 io}, id = 118398
                      HiveAggregate(group=[{0, 1, 2, 3, 4, 5}]): rowcount = 1.511286057181342E8, cumulative cost = {1.391587304992065E11 rows, 0.0 cpu, 0.0 io}, id = 118376
                        HiveProject(i_brand_id=[$0], i_class_id=[$1], i_category_id=[$2], i_manufact_id=[$3], sales_cnt=[$4], sales_amt=[$5]): rowcount = 1.5113002638867596E8, cumulative cost = {1.391587304992065E11 rows, 0.0 cpu, 0.0 io}, id = 118399
                          HiveUnion(all=[true]): rowcount = 1.5113002638867596E8, cumulative cost = {1.391587304992065E11 rows, 0.0 cpu, 0.0 io}, id = 118375
                            HiveProject(i_brand_id=[$11], i_class_id=[$12], i_category_id=[$13], i_manufact_id=[$14], sales_cnt=[-($6, CASE(IS NOT NULL($2), $2, 0))], sales_amt=[-($7, CASE(IS NOT NULL($3), $3, 0:DECIMAL(1, 0)))]): rowcount = 5.079856759958756E7, cumulative cost = {4.756169043360299E10 rows, 0.0 cpu, 0.0 io}, id = 118368
                              HiveJoin(condition=[AND(=($5, $1), =($4, $0))], joinType=[right], algorithm=[none], cost=[{4.340433378041138E9 rows, 0.0 cpu, 0.0 io}]): rowcount = 5.079856759958756E7, cumulative cost = {4.756169043360299E10 rows, 0.0 cpu, 0.0 io}, id = 118367
                                HiveProject(cr_item_sk=[$1], cr_order_number=[$15], cr_return_quantity=[$16], cr_return_amount=[$17]): rowcount = 4.320980099E9, cumulative cost = {0.0 rows, 0.0 cpu, 0.0 io}, id = 117109
                                  HiveTableScan(table=[[default, catalog_returns]], table:alias=[catalog_returns]): rowcount = 4.320980099E9, cumulative cost = {0}, id = 116101
                                HiveJoin(condition=[=($6, $0)], joinType=[inner], algorithm=[none], cost=[{2.161476634814535E8 rows, 0.0 cpu, 0.0 io}]): rowcount = 1.94532790411378E7, cumulative cost = {4.322125705556185E10 rows, 0.0 cpu, 0.0 io}, id = 118366
                                  HiveJoin(condition=[=($5, $4)], joinType=[inner], algorithm=[none], cost=[{4.30051093920804E10 rows, 0.0 cpu, 0.0 io}]): rowcount = 2.1610607550251257E8, cumulative cost = {4.30051093920804E10 rows, 0.0 cpu, 0.0 io}, id = 117197
                                    HiveProject(cs_item_sk=[$14], cs_order_number=[$16], cs_quantity=[$17], cs_ext_sales_price=[$22], cs_sold_date_sk=[$33]): rowcount = 4.3005109025E10, cumulative cost = {0.0 rows, 0.0 cpu, 0.0 io}, id = 117114
                                      HiveFilter(condition=[IS NOT NULL($33)]): rowcount = 4.3005109025E10, cumulative cost = {0.0 rows, 0.0 cpu, 0.0 io}, id = 117112
                                        HiveTableScan(table=[[default, catalog_sales]], table:alias=[catalog_sales]): rowcount = 4.3005109025E10, cumulative cost = {0}, id = 116086
                                    HiveProject(d_date_sk=[$0]): rowcount = 367.08040201005025, cumulative cost = {0.0 rows, 0.0 cpu, 0.0 io}, id = 117195
                                      HiveFilter(condition=[=($6, 2001)]): rowcount = 367.08040201005025, cumulative cost = {0.0 rows, 0.0 cpu, 0.0 io}, id = 117193
                                        HiveTableScan(table=[[default, date_dim]], table:alias=[date_dim]): rowcount = 73049.0, cumulative cost = {0}, id = 116095
                                  HiveProject(i_item_sk=[$0], i_brand_id=[$7], i_class_id=[$9], i_category_id=[$11], i_manufact_id=[$13]): rowcount = 41587.978940930654, cumulative cost = {0.0 rows, 0.0 cpu, 0.0 io}, id = 118365
                                    HiveFilter(condition=[AND(=($12, _UTF-16LE'Sports                                            '), IS NOT NULL($13), IS NOT NULL($11), IS NOT NULL($7), IS NOT NULL($9))]): rowcount = 41587.978940930654, cumulative cost = {0.0 rows, 0.0 cpu, 0.0 io}, id = 118364
                                      HiveTableScan(table=[[default, item]], table:alias=[item]): rowcount = 462000.0, cumulative cost = {0}, id = 116089
                            HiveProject(i_brand_id=[$11], i_class_id=[$12], i_category_id=[$13], i_manufact_id=[$14], sales_cnt=[-($6, CASE(IS NOT NULL($2), $2, 0))], sales_amt=[-($7, CASE(IS NOT NULL($3), $3, 0:DECIMAL(1, 0)))]): rowcount = 1.003314587890884E8, cumulative cost = {9.159704006560352E10 rows, 0.0 cpu, 0.0 io}, id = 118374
                              HiveJoin(condition=[AND(=($5, $1), =($4, $0))], joinType=[right], algorithm=[none], cost=[{8.67149063416227E9 rows, 0.0 cpu, 0.0 io}]): rowcount = 1.003314587890884E8, cumulative cost = {9.159704006560352E10 rows, 0.0 cpu, 0.0 io}, id = 118373
                                HiveProject(sr_item_sk=[$1], sr_ticket_number=[$8], sr_return_quantity=[$9], sr_return_amt=[$10]): rowcount = 8.634166995E9, cumulative cost = {0.0 rows, 0.0 cpu, 0.0 io}, id = 117137
                                  HiveTableScan(table=[[default, store_returns]], table:alias=[store_returns]): rowcount = 8.634166995E9, cumulative cost = {0}, id = 116122
                                HiveJoin(condition=[=($6, $0)], joinType=[inner], algorithm=[none], cost=[{4.1466912536085045E8 rows, 0.0 cpu, 0.0 io}]): rowcount = 3.7323639162270114E7, cumulative cost = {8.292554943144125E10 rows, 0.0 cpu, 0.0 io}, id = 118372
                                  HiveJoin(condition=[=($5, $4)], joinType=[inner], algorithm=[none], cost=[{8.25108803060804E10 rows, 0.0 cpu, 0.0 io}]): rowcount = 4.1462753738190955E8, cumulative cost = {8.25108803060804E10 rows, 0.0 cpu, 0.0 io}, id = 117214
                                    HiveProject(ss_item_sk=[$1], ss_ticket_number=[$8], ss_quantity=[$9], ss_ext_sales_price=[$14], ss_sold_date_sk=[$22]): rowcount = 8.2510879939E10, cumulative cost = {0.0 rows, 0.0 cpu, 0.0 io}, id = 117142
                                      HiveFilter(condition=[IS NOT NULL($22)]): rowcount = 8.2510879939E10, cumulative cost = {0.0 rows, 0.0 cpu, 0.0 io}, id = 117140
                                        HiveTableScan(table=[[default, store_sales]], table:alias=[store_sales]): rowcount = 8.2510879939E10, cumulative cost = {0}, id = 116107
                                    HiveProject(d_date_sk=[$0]): rowcount = 367.08040201005025, cumulative cost = {0.0 rows, 0.0 cpu, 0.0 io}, id = 117195
                                      HiveFilter(condition=[=($6, 2001)]): rowcount = 367.08040201005025, cumulative cost = {0.0 rows, 0.0 cpu, 0.0 io}, id = 117193
                                        HiveTableScan(table=[[default, date_dim]], table:alias=[date_dim]): rowcount = 73049.0, cumulative cost = {0}, id = 116095
                                  HiveProject(i_item_sk=[$0], i_brand_id=[$7], i_class_id=[$9], i_category_id=[$11], i_manufact_id=[$13]): rowcount = 41587.978940930654, cumulative cost = {0.0 rows, 0.0 cpu, 0.0 io}, id = 118371
                                    HiveFilter(condition=[AND(=($12, _UTF-16LE'Sports                                            '), IS NOT NULL($13), IS NOT NULL($11), IS NOT NULL($7), IS NOT NULL($9))]): rowcount = 41587.978940930654, cumulative cost = {0.0 rows, 0.0 cpu, 0.0 io}, id = 118370
                                      HiveTableScan(table=[[default, item]], table:alias=[item]): rowcount = 462000.0, cumulative cost = {0}, id = 116089
                    HiveProject(i_brand_id=[$11], i_class_id=[$12], i_category_id=[$13], i_manufact_id=[$14], sales_cnt=[-($6, CASE(IS NOT NULL($2), $2, 0))], sales_amt=[-($7, CASE(IS NOT NULL($3), $3, 0:DECIMAL(1, 0)))]): rowcount = 2.5787823470795117E7, cumulative cost = {2.387297181065702E10 rows, 0.0 cpu, 0.0 io}, id = 118382
                      HiveJoin(condition=[AND(=($5, $1), =($4, $0))], joinType=[right], algorithm=[none], cost=[{2.1697756385122504E9 rows, 0.0 cpu, 0.0 io}]): rowcount = 2.5787823470795117E7, cumulative cost = {2.387297181065702E10 rows, 0.0 cpu, 0.0 io}, id = 118381
                        HiveProject(wr_item_sk=[$1], wr_order_number=[$12], wr_return_quantity=[$13], wr_return_amt=[$14]): rowcount = 2.160007345E9, cumulative cost = {0.0 rows, 0.0 cpu, 0.0 io}, id = 117163
                          HiveTableScan(table=[[default, web_returns]], table:alias=[web_returns]): rowcount = 2.160007345E9, cumulative cost = {0}, id = 116145
                        HiveJoin(condition=[=($6, $0)], joinType=[inner], algorithm=[none], cost=[{1.0855735906436807E8 rows, 0.0 cpu, 0.0 io}]): rowcount = 9768293.512250206, cumulative cost = {2.170319617214477E10 rows, 0.0 cpu, 0.0 io}, id = 118380
                          HiveJoin(condition=[=($5, $4)], joinType=[inner], algorithm=[none], cost=[{2.1594638813080402E10 rows, 0.0 cpu, 0.0 io}]): rowcount = 1.0851577108542714E8, cumulative cost = {2.1594638813080402E10 rows, 0.0 cpu, 0.0 io}, id = 117235
                            HiveProject(ws_item_sk=[$2], ws_order_number=[$16], ws_quantity=[$17], ws_ext_sales_price=[$22], ws_sold_date_sk=[$33]): rowcount = 2.1594638446E10, cumulative cost = {0.0 rows, 0.0 cpu, 0.0 io}, id = 117168
                              HiveFilter(condition=[IS NOT NULL($33)]): rowcount = 2.1594638446E10, cumulative cost = {0.0 rows, 0.0 cpu, 0.0 io}, id = 117166
                                HiveTableScan(table=[[default, web_sales]], table:alias=[web_sales]): rowcount = 2.1594638446E10, cumulative cost = {0}, id = 116130
                            HiveProject(d_date_sk=[$0]): rowcount = 367.08040201005025, cumulative cost = {0.0 rows, 0.0 cpu, 0.0 io}, id = 117195
                              HiveFilter(condition=[=($6, 2001)]): rowcount = 367.08040201005025, cumulative cost = {0.0 rows, 0.0 cpu, 0.0 io}, id = 117193
                                HiveTableScan(table=[[default, date_dim]], table:alias=[date_dim]): rowcount = 73049.0, cumulative cost = {0}, id = 116095
                          HiveProject(i_item_sk=[$0], i_brand_id=[$7], i_class_id=[$9], i_category_id=[$11], i_manufact_id=[$13]): rowcount = 41587.978940930654, cumulative cost = {0.0 rows, 0.0 cpu, 0.0 io}, id = 118379
                            HiveFilter(condition=[AND(=($12, _UTF-16LE'Sports                                            '), IS NOT NULL($13), IS NOT NULL($11), IS NOT NULL($7), IS NOT NULL($9))]): rowcount = 41587.978940930654, cumulative cost = {0.0 rows, 0.0 cpu, 0.0 io}, id = 118378
                              HiveTableScan(table=[[default, item]], table:alias=[item]): rowcount = 462000.0, cumulative cost = {0}, id = 116089

