CBO PLAN:
HiveSortLimit(sort0=[$0], sort1=[$1], sort2=[$2], sort3=[$3], dir0=[ASC], dir1=[ASC], dir2=[ASC], dir3=[DESC]): rowcount = 1.00000008E15, cumulative cost = {7.695429122544582E10 rows, 0.0 cpu, 0.0 io}, id = 45054
  HiveProject(c_last_name=[$3], c_first_name=[$2], c_salutation=[$1], c_preferred_cust_flag=[$4], ss_ticket_number=[$5], cnt=[$7]): rowcount = 1.00000008E15, cumulative cost = {7.695429122544582E10 rows, 0.0 cpu, 0.0 io}, id = 45053
    HiveJoin(condition=[=($6, $0)], joinType=[inner], algorithm=[none], cost=[{8.000000582477929E7 rows, 0.0 cpu, 0.0 io}]): rowcount = 1.00000008E15, cumulative cost = {7.695429122544582E10 rows, 0.0 cpu, 0.0 io}, id = 45052
      HiveProject(c_customer_sk=[$0], c_salutation=[$7], c_first_name=[$8], c_last_name=[$9], c_preferred_cust_flag=[$10]): rowcount = 8.0E7, cumulative cost = {0.0 rows, 0.0 cpu, 0.0 io}, id = 44855
        HiveTableScan(table=[[default, customer]], table:alias=[customer]): rowcount = 8.0E7, cumulative cost = {0}, id = 44647
      HiveProject(ss_ticket_number=[$0], ss_customer_sk=[$1], $f2=[$2]): rowcount = 5.824779279858238, cumulative cost = {7.687429121962103E10 rows, 0.0 cpu, 0.0 io}, id = 45055
        HiveFilter(condition=[BETWEEN(false, $2, 15:BIGINT, 20:BIGINT)]): rowcount = 5.824779279858238, cumulative cost = {7.687429121962103E10 rows, 0.0 cpu, 0.0 io}, id = 45051
          HiveProject(ss_ticket_number=[$1], ss_customer_sk=[$0], $f2=[$2]): rowcount = 39701.69557151375, cumulative cost = {7.687429121962103E10 rows, 0.0 cpu, 0.0 io}, id = 45050
            HiveAggregate(group=[{0, 3}], agg#0=[count()]): rowcount = 39701.69557151375, cumulative cost = {7.687429121962103E10 rows, 0.0 cpu, 0.0 io}, id = 45049
              HiveJoin(condition=[=($2, $7)], joinType=[inner], algorithm=[none], cost=[{655503.5905874871 rows, 0.0 cpu, 0.0 io}]): rowcount = 40962.31816171794, cumulative cost = {7.687429121962103E10 rows, 0.0 cpu, 0.0 io}, id = 45048
                HiveJoin(condition=[=($1, $6)], joinType=[inner], algorithm=[none], cost=[{5.898581815287384E7 rows, 0.0 cpu, 0.0 io}]): rowcount = 655397.0905874871, cumulative cost = {7.687363571603044E10 rows, 0.0 cpu, 0.0 io}, id = 45047
                  HiveJoin(condition=[=($4, $5)], joinType=[inner], algorithm=[none], cost=[{7.681464989787756E10 rows, 0.0 cpu, 0.0 io}]): rowcount = 5.898573815287384E7, cumulative cost = {7.681464989787756E10 rows, 0.0 cpu, 0.0 io}, id = 45043
                    HiveProject(ss_customer_sk=[$2], ss_hdemo_sk=[$4], ss_store_sk=[$6], ss_ticket_number=[$8], ss_sold_date_sk=[$22]): rowcount = 7.681464984178346E10, cumulative cost = {0.0 rows, 0.0 cpu, 0.0 io}, id = 45039
                      HiveFilter(condition=[AND(IS NOT NULL($4), IS NOT NULL($2), IS NOT NULL($6), IS NOT NULL($22))]): rowcount = 7.681464984178346E10, cumulative cost = {0.0 rows, 0.0 cpu, 0.0 io}, id = 45038
                        HiveTableScan(table=[[default, store_sales]], table:alias=[store_sales]): rowcount = 8.2510879939E10, cumulative cost = {0}, id = 44624
                    HiveProject(d_date_sk=[$0]): rowcount = 56.094106986158195, cumulative cost = {0.0 rows, 0.0 cpu, 0.0 io}, id = 45042
                      HiveFilter(condition=[AND(IN($6, 2000, 2001, 2002), OR(BETWEEN(false, $9, 1, 3), BETWEEN(false, $9, 25, 28)), OR(<=(1, $9), <=($9, 3), <=(25, $9), <=($9, 28)))]): rowcount = 56.094106986158195, cumulative cost = {0.0 rows, 0.0 cpu, 0.0 io}, id = 45041
                        HiveTableScan(table=[[default, date_dim]], table:alias=[date_dim]): rowcount = 73049.0, cumulative cost = {0}, id = 44627
                  HiveProject(hd_demo_sk=[$0]): rowcount = 80.0, cumulative cost = {0.0 rows, 0.0 cpu, 0.0 io}, id = 45046
                    HiveFilter(condition=[AND(>($4, 0), IN($2, _UTF-16LE'>10000         ', _UTF-16LE'unknown        '), CASE(>($4, 0), >(/(CAST($3):DOUBLE, CAST($4):DOUBLE), 1.2), false))]): rowcount = 80.0, cumulative cost = {0.0 rows, 0.0 cpu, 0.0 io}, id = 45045
                      HiveTableScan(table=[[default, household_demographics]], table:alias=[household_demographics]): rowcount = 7200.0, cumulative cost = {0}, id = 44639
                HiveProject(s_store_sk=[$0]): rowcount = 106.5, cumulative cost = {0.0 rows, 0.0 cpu, 0.0 io}, id = 44879
                  HiveFilter(condition=[IN($23, _UTF-16LE'Mobile County':VARCHAR(30) CHARACTER SET "UTF-16LE", _UTF-16LE'Maverick County':VARCHAR(30) CHARACTER SET "UTF-16LE", _UTF-16LE'Huron County':VARCHAR(30) CHARACTER SET "UTF-16LE", _UTF-16LE'Kittitas County':VARCHAR(30) CHARACTER SET "UTF-16LE", _UTF-16LE'Fairfield County':VARCHAR(30) CHARACTER SET "UTF-16LE", _UTF-16LE'Jackson County':VARCHAR(30) CHARACTER SET "UTF-16LE", _UTF-16LE'Barrow County':VARCHAR(30) CHARACTER SET "UTF-16LE", _UTF-16LE'Pennington County':VARCHAR(30) CHARACTER SET "UTF-16LE")]): rowcount = 106.5, cumulative cost = {0.0 rows, 0.0 cpu, 0.0 io}, id = 44877
                    HiveTableScan(table=[[default, store]], table:alias=[store]): rowcount = 1704.0, cumulative cost = {0}, id = 44633

