CBO PLAN:
HiveSortLimit(sort0=[$0], dir0=[ASC], fetch=[100]): rowcount = 100.0, cumulative cost = {1.0000429932869448E15 rows, 0.0 cpu, 0.0 io}, id = 17132
  HiveProject(ca_zip=[$0], $f1=[$1]): rowcount = 9538.0, cumulative cost = {1.0000429932869448E15 rows, 0.0 cpu, 0.0 io}, id = 17133
    HiveAggregate(group=[{3}], agg#0=[sum($7)]): rowcount = 9538.0, cumulative cost = {1.0000429932869448E15 rows, 0.0 cpu, 0.0 io}, id = 17131
      HiveJoin(condition=[AND(=($6, $0), OR($4, $9, $5))], joinType=[inner], algorithm=[none], cost=[{1.00000009389371E15 rows, 0.0 cpu, 0.0 io}]): rowcount = 1.3473427494660804E7, cumulative cost = {1.0000429932869448E15 rows, 0.0 cpu, 0.0 io}, id = 17130
        HiveJoin(condition=[=($1, $2)], joinType=[inner], algorithm=[none], cost=[{1.2E8 rows, 0.0 cpu, 0.0 io}]): rowcount = 1.00000004E15, cumulative cost = {1.2E8 rows, 0.0 cpu, 0.0 io}, id = 17008
          HiveProject(c_customer_sk=[$0], c_current_addr_sk=[$4]): rowcount = 8.0E7, cumulative cost = {0.0 rows, 0.0 cpu, 0.0 io}, id = 17003
            HiveFilter(condition=[IS NOT NULL($4)]): rowcount = 8.0E7, cumulative cost = {0.0 rows, 0.0 cpu, 0.0 io}, id = 17001
              HiveTableScan(table=[[default, customer]], table:alias=[customer]): rowcount = 8.0E7, cumulative cost = {0}, id = 16830
          HiveProject(ca_address_sk=[$0], ca_zip=[$9], EXPR$0=[SEARCH($8, Sarg[_UTF-16LE'CA', _UTF-16LE'GA', _UTF-16LE'WA']:CHAR(2) CHARACTER SET "UTF-16LE")], EXPR$1=[SEARCH(substr($9, 1, 5), Sarg[_UTF-16LE'80348':VARCHAR(2147483647) CHARACTER SET "UTF-16LE", _UTF-16LE'81792':VARCHAR(2147483647) CHARACTER SET "UTF-16LE", _UTF-16LE'83405':VARCHAR(2147483647) CHARACTER SET "UTF-16LE", _UTF-16LE'85392':VARCHAR(2147483647) CHARACTER SET "UTF-16LE", _UTF-16LE'85460':VARCHAR(2147483647) CHARACTER SET "UTF-16LE", _UTF-16LE'85669':VARCHAR(2147483647) CHARACTER SET "UTF-16LE", _UTF-16LE'86197':VARCHAR(2147483647) CHARACTER SET "UTF-16LE", _UTF-16LE'86475':VARCHAR(2147483647) CHARACTER SET "UTF-16LE", _UTF-16LE'88274':VARCHAR(2147483647) CHARACTER SET "UTF-16LE"]:VARCHAR(2147483647) CHARACTER SET "UTF-16LE")]): rowcount = 4.0E7, cumulative cost = {0.0 rows, 0.0 cpu, 0.0 io}, id = 17006
            HiveTableScan(table=[[default, customer_address]], table:alias=[customer_address]): rowcount = 4.0E7, cumulative cost = {0}, id = 16835
        HiveProject(cs_bill_customer_sk=[$0], cs_sales_price=[$1], cs_sold_date_sk=[$2], EXPR$0=[$3], d_date_sk=[$4]): rowcount = 5.3893709978643216E7, cumulative cost = {4.28993932347701E10 rows, 0.0 cpu, 0.0 io}, id = 17134
          HiveJoin(condition=[=($2, $4)], joinType=[inner], algorithm=[none], cost=[{4.28993932347701E10 rows, 0.0 cpu, 0.0 io}]): rowcount = 5.3893709978643216E7, cumulative cost = {4.28993932347701E10 rows, 0.0 cpu, 0.0 io}, id = 17129
            HiveProject(cs_bill_customer_sk=[$2], cs_sales_price=[$20], cs_sold_date_sk=[$33], EXPR$0=[>($20, 500:DECIMAL(3, 0))]): rowcount = 4.2899393143E10, cumulative cost = {0.0 rows, 0.0 cpu, 0.0 io}, id = 17013
              HiveFilter(condition=[AND(IS NOT NULL($2), IS NOT NULL($33))]): rowcount = 4.2899393143E10, cumulative cost = {0.0 rows, 0.0 cpu, 0.0 io}, id = 17011
                HiveTableScan(table=[[default, catalog_sales]], table:alias=[catalog_sales]): rowcount = 4.3005109025E10, cumulative cost = {0}, id = 16826
            HiveProject(d_date_sk=[$0]): rowcount = 91.77010050251256, cumulative cost = {0.0 rows, 0.0 cpu, 0.0 io}, id = 17128
              HiveFilter(condition=[AND(=($6, 2000), =($10, 2))]): rowcount = 91.77010050251256, cumulative cost = {0.0 rows, 0.0 cpu, 0.0 io}, id = 17127
                HiveTableScan(table=[[default, date_dim]], table:alias=[date_dim]): rowcount = 73049.0, cumulative cost = {0}, id = 16840

