CBO PLAN:
HiveAggregate(group=[{}], agg#0=[count(DISTINCT $4)], agg#1=[sum($5)], agg#2=[sum($6)]): rowcount = 1.0, cumulative cost = {2.2050092402279186E10 rows, 0.0 cpu, 0.0 io}, id = 152402
  HiveAntiJoin(condition=[=($4, $14)], joinType=[anti]): rowcount = 5.817747921978378E7, cumulative cost = {2.2050092402279186E10 rows, 0.0 cpu, 0.0 io}, id = 152401
    HiveSemiJoin(condition=[AND(<>($3, $13), =($4, $14))], joinType=[semi]): rowcount = 5.817747921978378E7, cumulative cost = {2.2050092402279186E10 rows, 0.0 cpu, 0.0 io}, id = 152400
      HiveProject(ws_ship_date_sk=[$0], ws_ship_addr_sk=[$1], ws_web_site_sk=[$2], ws_warehouse_sk=[$3], ws_order_number=[$4], ws_ext_ship_cost=[$5], ws_net_profit=[$6], d_date_sk=[$11], d_date=[$12], ca_address_sk=[$7], ca_state=[$8], web_site_sk=[$9], web_company_name=[$10]): rowcount = 5.817747921978378E7, cumulative cost = {2.2050092402279186E10 rows, 0.0 cpu, 0.0 io}, id = 152399
        HiveJoin(condition=[=($0, $11)], joinType=[inner], algorithm=[none], cost=[{5.825052821978378E7 rows, 0.0 cpu, 0.0 io}]): rowcount = 5.817747921978378E7, cumulative cost = {2.2050092402279186E10 rows, 0.0 cpu, 0.0 io}, id = 152398
          HiveJoin(condition=[=($2, $9)], joinType=[inner], algorithm=[none], cost=[{4.072423665384865E8 rows, 0.0 cpu, 0.0 io}]): rowcount = 5.817747921978378E7, cumulative cost = {2.1991841874059402E10 rows, 0.0 cpu, 0.0 io}, id = 152397
            HiveJoin(condition=[=($1, $7)], joinType=[inner], algorithm=[none], cost=[{2.1584599507520916E10 rows, 0.0 cpu, 0.0 io}]): rowcount = 4.072423545384865E8, cumulative cost = {2.1584599507520916E10 rows, 0.0 cpu, 0.0 io}, id = 152396
              HiveProject(ws_ship_date_sk=[$1], ws_ship_addr_sk=[$10], ws_web_site_sk=[$12], ws_warehouse_sk=[$14], ws_order_number=[$16], ws_ext_ship_cost=[$27], ws_net_profit=[$32]): rowcount = 2.1583844790539783E10, cumulative cost = {0.0 rows, 0.0 cpu, 0.0 io}, id = 152395
                HiveFilter(condition=[AND(IS NOT NULL($10), IS NOT NULL($12), IS NOT NULL($1))]): rowcount = 2.1583844790539783E10, cumulative cost = {0.0 rows, 0.0 cpu, 0.0 io}, id = 152394
                  HiveTableScan(table=[[default, web_sales]], table:alias=[ws1]): rowcount = 2.1600036511E10, cumulative cost = {0}, id = 152011
              HiveProject(ca_address_sk=[$0], ca_state=[CAST(_UTF-16LE'TX'):CHAR(2) CHARACTER SET "UTF-16LE"]): rowcount = 754716.9811320754, cumulative cost = {0.0 rows, 0.0 cpu, 0.0 io}, id = 152225
                HiveFilter(condition=[=($8, _UTF-16LE'TX')]): rowcount = 754716.9811320754, cumulative cost = {0.0 rows, 0.0 cpu, 0.0 io}, id = 152223
                  HiveTableScan(table=[[default, customer_address]], table:alias=[customer_address]): rowcount = 4.0E7, cumulative cost = {0}, id = 152018
            HiveProject(web_site_sk=[$0], web_company_name=[CAST(_UTF-16LE'pri                                               '):CHAR(50) CHARACTER SET "UTF-16LE"]): rowcount = 12.0, cumulative cost = {0.0 rows, 0.0 cpu, 0.0 io}, id = 152232
              HiveFilter(condition=[=($14, _UTF-16LE'pri                                               ')]): rowcount = 12.0, cumulative cost = {0.0 rows, 0.0 cpu, 0.0 io}, id = 152230
                HiveTableScan(table=[[default, web_site]], table:alias=[web_site]): rowcount = 84.0, cumulative cost = {0}, id = 152022
          HiveProject(d_date_sk=[$0], d_date=[$2]): rowcount = 73049.0, cumulative cost = {0.0 rows, 0.0 cpu, 0.0 io}, id = 152239
            HiveFilter(condition=[SEARCH(CAST($2):TIMESTAMP(9), Sarg[[1999-05-01 00:00:00:TIMESTAMP(9)..1999-06-30 00:00:00:TIMESTAMP(9)]]:TIMESTAMP(9))]): rowcount = 73049.0, cumulative cost = {0.0 rows, 0.0 cpu, 0.0 io}, id = 152237
              HiveTableScan(table=[[default, date_dim]], table:alias=[date_dim]): rowcount = 73049.0, cumulative cost = {0}, id = 152014
      HiveProject(ws_warehouse_sk=[$14], ws_order_number=[$16]): rowcount = 2.1594635145E10, cumulative cost = {0.0 rows, 0.0 cpu, 0.0 io}, id = 152248
        HiveFilter(condition=[IS NOT NULL($14)]): rowcount = 2.1594635145E10, cumulative cost = {0.0 rows, 0.0 cpu, 0.0 io}, id = 152246
          HiveTableScan(table=[[default, web_sales]], table:alias=[ws2]): rowcount = 2.1600036511E10, cumulative cost = {0}, id = 152026
    HiveProject(literalTrue=[true], wr_order_number=[$12]): rowcount = 2.160007345E9, cumulative cost = {0.0 rows, 0.0 cpu, 0.0 io}, id = 152253
      HiveTableScan(table=[[default, web_returns]], table:alias=[wr1]): rowcount = 2.160007345E9, cumulative cost = {0}, id = 152030

